Archive member included to satisfy reference by file (symbol)

/media/maddocks/0e5c8f59-b86e-4423-a28c-b3830408c50a5/ch569/Work/riscv-none-elf-gcc-12.2.0-1/linux-arm64/install/riscv-none-elf-gcc-nano/lib/gcc/riscv-none-elf/12.2.0/libgcc.a(_udivdi3.o)
                              ./build/CH56x_debug_log.o (__udivdi3)
/media/maddocks/0e5c8f59-b86e-4423-a28c-b3830408c50a5/ch569/Work/riscv-none-elf-gcc-12.2.0-1/linux-arm64/install/riscv-none-elf-gcc-nano/lib/gcc/riscv-none-elf/12.2.0/libgcc.a(_clz.o)
                              /media/maddocks/0e5c8f59-b86e-4423-a28c-b3830408c50a5/ch569/Work/riscv-none-elf-gcc-12.2.0-1/linux-arm64/install/riscv-none-elf-gcc-nano/lib/gcc/riscv-none-elf/12.2.0/libgcc.a(_udivdi3.o) (__clz_tab)
/media/maddocks/0e5c8f59-b86e-4423-a28c-b3830408c50a5/ch569/Work/riscv-none-elf-gcc-12.2.0-1/linux-arm64/install/riscv-none-elf-gcc/riscv-none-elf/lib/libc_nano.a(lib_a-errno.o)
                              ./build/teeny_usb_retarget.o (__errno)
/media/maddocks/0e5c8f59-b86e-4423-a28c-b3830408c50a5/ch569/Work/riscv-none-elf-gcc-12.2.0-1/linux-arm64/install/riscv-none-elf-gcc/riscv-none-elf/lib/libc_nano.a(lib_a-impure.o)
                              /media/maddocks/0e5c8f59-b86e-4423-a28c-b3830408c50a5/ch569/Work/riscv-none-elf-gcc-12.2.0-1/linux-arm64/install/riscv-none-elf-gcc/riscv-none-elf/lib/libc_nano.a(lib_a-errno.o) (_impure_ptr)
/media/maddocks/0e5c8f59-b86e-4423-a28c-b3830408c50a5/ch569/Work/riscv-none-elf-gcc-12.2.0-1/linux-arm64/install/riscv-none-elf-gcc/riscv-none-elf/lib/libc_nano.a(lib_a-malloc.o)
                              ./build/teeny_usb_no_os.o (malloc)
/media/maddocks/0e5c8f59-b86e-4423-a28c-b3830408c50a5/ch569/Work/riscv-none-elf-gcc-12.2.0-1/linux-arm64/install/riscv-none-elf-gcc/riscv-none-elf/lib/libc_nano.a(lib_a-memcpy-asm.o)
                              ./build/CH56x_debug_log.o (memcpy)
/media/maddocks/0e5c8f59-b86e-4423-a28c-b3830408c50a5/ch569/Work/riscv-none-elf-gcc-12.2.0-1/linux-arm64/install/riscv-none-elf-gcc/riscv-none-elf/lib/libc_nano.a(lib_a-memset.o)
                              ./build/tusbd.o (memset)
/media/maddocks/0e5c8f59-b86e-4423-a28c-b3830408c50a5/ch569/Work/riscv-none-elf-gcc-12.2.0-1/linux-arm64/install/riscv-none-elf-gcc/riscv-none-elf/lib/libc_nano.a(lib_a-nano-freer.o)
                              /media/maddocks/0e5c8f59-b86e-4423-a28c-b3830408c50a5/ch569/Work/riscv-none-elf-gcc-12.2.0-1/linux-arm64/install/riscv-none-elf-gcc/riscv-none-elf/lib/libc_nano.a(lib_a-malloc.o) (_free_r)
/media/maddocks/0e5c8f59-b86e-4423-a28c-b3830408c50a5/ch569/Work/riscv-none-elf-gcc-12.2.0-1/linux-arm64/install/riscv-none-elf-gcc/riscv-none-elf/lib/libc_nano.a(lib_a-nano-mallocr.o)
                              /media/maddocks/0e5c8f59-b86e-4423-a28c-b3830408c50a5/ch569/Work/riscv-none-elf-gcc-12.2.0-1/linux-arm64/install/riscv-none-elf-gcc/riscv-none-elf/lib/libc_nano.a(lib_a-malloc.o) (_malloc_r)
/media/maddocks/0e5c8f59-b86e-4423-a28c-b3830408c50a5/ch569/Work/riscv-none-elf-gcc-12.2.0-1/linux-arm64/install/riscv-none-elf-gcc/riscv-none-elf/lib/libc_nano.a(lib_a-printf.o)
                              ./build/tusbh.o (printf)
/media/maddocks/0e5c8f59-b86e-4423-a28c-b3830408c50a5/ch569/Work/riscv-none-elf-gcc-12.2.0-1/linux-arm64/install/riscv-none-elf-gcc/riscv-none-elf/lib/libc_nano.a(lib_a-puts.o)
                              ./build/tusbh.o (puts)
/media/maddocks/0e5c8f59-b86e-4423-a28c-b3830408c50a5/ch569/Work/riscv-none-elf-gcc-12.2.0-1/linux-arm64/install/riscv-none-elf-gcc/riscv-none-elf/lib/libc_nano.a(lib_a-sbrkr.o)
                              /media/maddocks/0e5c8f59-b86e-4423-a28c-b3830408c50a5/ch569/Work/riscv-none-elf-gcc-12.2.0-1/linux-arm64/install/riscv-none-elf-gcc/riscv-none-elf/lib/libc_nano.a(lib_a-nano-mallocr.o) (_sbrk_r)
/media/maddocks/0e5c8f59-b86e-4423-a28c-b3830408c50a5/ch569/Work/riscv-none-elf-gcc-12.2.0-1/linux-arm64/install/riscv-none-elf-gcc/riscv-none-elf/lib/libc_nano.a(lib_a-snprintf.o)
                              ./build/usb_cmd.o (snprintf)
/media/maddocks/0e5c8f59-b86e-4423-a28c-b3830408c50a5/ch569/Work/riscv-none-elf-gcc-12.2.0-1/linux-arm64/install/riscv-none-elf-gcc/riscv-none-elf/lib/libc_nano.a(lib_a-sprintf.o)
                              ./build/CH56x_debug_log.o (sprintf)
/media/maddocks/0e5c8f59-b86e-4423-a28c-b3830408c50a5/ch569/Work/riscv-none-elf-gcc-12.2.0-1/linux-arm64/install/riscv-none-elf-gcc/riscv-none-elf/lib/libc_nano.a(lib_a-vsnprintf.o)
                              ./build/CH56x_debug_log.o (vsnprintf)
/media/maddocks/0e5c8f59-b86e-4423-a28c-b3830408c50a5/ch569/Work/riscv-none-elf-gcc-12.2.0-1/linux-arm64/install/riscv-none-elf-gcc/riscv-none-elf/lib/libc_nano.a(lib_a-wbuf.o)
                              /media/maddocks/0e5c8f59-b86e-4423-a28c-b3830408c50a5/ch569/Work/riscv-none-elf-gcc-12.2.0-1/linux-arm64/install/riscv-none-elf-gcc/riscv-none-elf/lib/libc_nano.a(lib_a-puts.o) (__swbuf_r)
[...]
Memory Configuration

Name             Origin             Length             Attributes
FLASH            0x0000000000000000 0x0000000000070000 xr
RAM              0x0000000020000000 0x0000000000004000 xrw
RAMX             0x0000000020020000 0x0000000000018000 xrw
*default*        0x0000000000000000 0xffffffffffffffff

Linker script and memory map

LOAD ./build/core_riscv.o
LOAD ./build/CH56x_spi.o
LOAD ./build/CH56x_gpio.o
LOAD ./build/CH56x_dvp.o
LOAD ./build/CH56x_bus8.o
LOAD ./build/CH56x_pwm.o
LOAD ./build/CH56x_ecdc.o
LOAD ./build/CH56x_emmc.o
LOAD ./build/CH56x_debug_log.o
LOAD ./build/CH56x_sys.o
LOAD ./build/CH56x_pwr.o
LOAD ./build/CH56x_serdes.o
LOAD ./build/CH56x_hspi.o
LOAD ./build/CH56x_flash.o
LOAD ./build/CH56x_timer.o
LOAD ./build/CH56x_bsp.o
LOAD ./build/CH56x_clk.o
LOAD ./build/CH56x_uart.o
LOAD ./build/tusbd.o
LOAD ./build/tusbh.o
LOAD ./build/tusbh_no_os.o
LOAD ./build/tusbh_xfer.o
LOAD ./build/teeny_usb_retarget.o
LOAD ./build/teeny_usb_host.o
LOAD ./build/teeny_usb_no_os.o
LOAD ./build/teeny_usb_device.o
LOAD ./build/tusbd_cdc.o
LOAD ./build/tusb_dev_drv_ch56x.o
LOAD ./build/hydrausb3_v1.o
LOAD ./build/CH56x_usb30_devbulk.o
LOAD ./build/CH56x_usb20_devbulk.o
LOAD ./build/CH56x_usb_devbulk_desc_cmd.o
LOAD ./build/Main.o
LOAD ./build/usb_cmd.o
LOAD ./build/startup_CH56x.o
LOAD /media/maddocks/0e5c8f59-b86e-4423-a28c-b3830408c50a5/ch569/Work/riscv-none-elf-gcc-12.2.0-1/linux-arm64/install/riscv-none-elf-gcc-nano/lib/gcc/riscv-none-elf/12.2.0/libgcc.a
LOAD /media/maddocks/0e5c8f59-b86e-4423-a28c-b3830408c50a5/ch569/Work/riscv-none-elf-gcc-12.2.0-1/linux-arm64/install/riscv-none-elf-gcc/riscv-none-elf/lib/libc_nano.a
LOAD /media/maddocks/0e5c8f59-b86e-4423-a28c-b3830408c50a5/ch569/Work/riscv-none-elf-gcc-12.2.0-1/linux-arm64/install/riscv-none-elf-gcc-nano/lib/gcc/riscv-none-elf/12.2.0/libgcc.a
START GROUP
LOAD /media/maddocks/0e5c8f59-b86e-4423-a28c-b3830408c50a5/ch569/Work/riscv-none-elf-gcc-12.2.0-1/linux-arm64/install/riscv-none-elf-gcc-nano/lib/gcc/riscv-none-elf/12.2.0/libgcc.a
LOAD /media/maddocks/0e5c8f59-b86e-4423-a28c-b3830408c50a5/ch569/Work/riscv-none-elf-gcc-12.2.0-1/linux-arm64/install/riscv-none-elf-gcc/riscv-none-elf/lib/libc_nano.a
LOAD /media/maddocks/0e5c8f59-b86e-4423-a28c-b3830408c50a5/ch569/Work/riscv-none-elf-gcc-12.2.0-1/linux-arm64/install/riscv-none-elf-gcc/riscv-none-elf/lib/libgloss_nano.a
END GROUP
                0x0000000000000800                __stack_size = 0x800
                [!provide]                        PROVIDE (_stack_size = __stack_size)

.init           0x0000000000000000        0x4
                0x0000000000000000                _sinit = .
                0x0000000000000000                . = ALIGN (0x4)
 *(SORT_NONE(.init))
 .init          0x0000000000000000        0x4 ./build/startup_CH56x.o
                0x0000000000000000                _start
                0x0000000000000004                . = ALIGN (0x4)
                0x0000000000000004                _einit = .

.vector         0x0000000000000004       0xbc
 *(.vector)
 .vector        0x0000000000000004       0x94 ./build/startup_CH56x.o
                0x00000000000000c0                . = ALIGN (0x40)
 *fill*         0x0000000000000098       0x28 

.text           0x00000000000000c0     0x57e0
                0x00000000000000c0                . = ALIGN (0x4)
 *(.text)
 .text          0x00000000000000c0       0x16 /media/maddocks/0e5c8f59-b86e-4423-a28c-b3830408c50a5/ch569/Work/riscv-none-elf-gcc-12.2.0-1/linux-arm64/install/riscv-none-elf-gcc/riscv-none-elf/lib/libc_nano.a(lib_a-memcpy-asm.o)
                0x00000000000000c0                memcpy
 .text          0x00000000000000d6       0x10 /media/maddocks/0e5c8f59-b86e-4423-a28c-b3830408c50a5/ch569/Work/riscv-none-elf-gcc-12.2.0-1/linux-arm64/install/riscv-none-elf-gcc/riscv-none-elf/lib/libc_nano.a(lib_a-memset.o)
                0x00000000000000d6                memset
 .text          0x00000000000000e6       0x26 /media/maddocks/0e5c8f59-b86e-4423-a28c-b3830408c50a5/ch569/Work/riscv-none-elf-gcc-12.2.0-1/linux-arm64/install/riscv-none-elf-gcc/riscv-none-elf/lib/libc_nano.a(lib_a-memmove.o)
                0x00000000000000e6                memmove
 *(.text.*)
 .text.__get_MSTATUS
                0x000000000000010c        0x6 ./build/core_riscv.o
                0x000000000000010c                __get_MSTATUS
 .text.__get_MIE
                0x0000000000000112        0x6 ./build/core_riscv.o
                0x0000000000000112                __get_MIE
 .text.__get_MCAUSE
                0x0000000000000118        0x6 ./build/core_riscv.o
                0x0000000000000118                __get_MCAUSE
 .text.__get_SP
                0x000000000000011e        0x4 ./build/core_riscv.o
                0x000000000000011e                __get_SP
 .text.GPIOA_ModeCfg
                0x0000000000000122      0x11c ./build/CH56x_gpio.o
                0x0000000000000122                GPIOA_ModeCfg
 .text.GPIOB_ModeCfg
                0x000000000000023e      0x11c ./build/CH56x_gpio.o
                0x000000000000023e                GPIOB_ModeCfg
 .text.log_init
                0x000000000000035a       0x20 ./build/CH56x_debug_log.o
                0x000000000000035a                log_init
 .text.log_printf
                0x000000000000037a      0x148 ./build/CH56x_debug_log.o
                0x000000000000037a                log_printf
 .text.SYS_ResetExecute
                0x00000000000004c2       0x26 ./build/CH56x_sys.o
                0x00000000000004c2                SYS_ResetExecute
 .text.FLASH_ROMA_READ
                0x00000000000004e8      0x11a ./build/CH56x_flash.o
                0x00000000000004e8                FLASH_ROMA_READ
 .text.TMR0_TimerInit
                0x0000000000000602       0x14 ./build/CH56x_timer.o
                0x0000000000000602                TMR0_TimerInit
 .text.bsp_init
                0x0000000000000616       0x4e ./build/CH56x_bsp.o
                0x0000000000000616                bsp_init
 .text.bsp_get_SysTickCNT
                0x0000000000000664       0x10 ./build/CH56x_bsp.o
                0x0000000000000664                bsp_get_SysTickCNT
 .text.bsp_wait_us_delay
                0x0000000000000674       0x6e ./build/CH56x_bsp.o
                0x0000000000000674                bsp_wait_us_delay
 .text.bsp_wait_ms_delay
                0x00000000000006e2       0x6e ./build/CH56x_bsp.o
                0x00000000000006e2                bsp_wait_ms_delay
 .text.SystemInit
                0x0000000000000750      0x18a ./build/CH56x_clk.o
                0x0000000000000750                SystemInit
 .text.GetSysClock
                0x00000000000008da       0x4e ./build/CH56x_clk.o
                0x00000000000008da                GetSysClock
 .text.UART2_init
                0x0000000000000928       0x54 ./build/CH56x_uart.o
                0x0000000000000928                UART2_init
 .text.UART2_ByteTrigCfg
                0x000000000000097c       0x1a ./build/CH56x_uart.o
                0x000000000000097c                UART2_ByteTrigCfg
 .text.UART2_INTCfg
                0x0000000000000996       0x32 ./build/CH56x_uart.o
                0x0000000000000996                UART2_INTCfg
 .text.stdout_sendchar
                0x00000000000009c8        0x2 ./build/teeny_usb_retarget.o
                0x00000000000009c8                stdout_sendchar
 .text._write   0x00000000000009ca       0x70 ./build/teeny_usb_retarget.o
                0x00000000000009ca                _write
 .text.tusb_cdc_device_send_done
                0x0000000000000a3a       0x2c ./build/tusbd_cdc.o
 .text.tusb_cdc_device_recv_done
                0x0000000000000a66       0x12 ./build/tusbd_cdc.o
 .text.tusb_cdc_device_init
                0x0000000000000a78       0x4c ./build/tusbd_cdc.o
 .text.cdc_ctrl.isra.0
                0x0000000000000ac4      0x14a ./build/tusbd_cdc.o
 .text.cdc_dataout_request
                0x0000000000000c0e       0x46 ./build/tusbd_cdc.o
 .text.tusb_cdc_device_request
                0x0000000000000c54       0x8a ./build/tusbd_cdc.o
 .text.tusb_dev_drv_send_data
                0x0000000000000cde      0x342 ./build/tusb_dev_drv_ch56x.o
                0x0000000000000cde                tusb_dev_drv_send_data
 .text.tusb_dev_drv_set_recv_buffer
                0x0000000000001020       0x68 ./build/tusb_dev_drv_ch56x.o
                0x0000000000001020                tusb_dev_drv_set_recv_buffer
 .text.tusb_dev_drv_set_rx_valid
                0x0000000000001088       0xde ./build/tusb_dev_drv_ch56x.o
                0x0000000000001088                tusb_dev_drv_set_rx_valid
 .text.bsp_gpio_init
                0x0000000000001166       0x5e ./build/hydrausb3_v1.o
                0x0000000000001166                bsp_gpio_init
 .text.bsp_ubtn
                0x00000000000011c4        0xe ./build/hydrausb3_v1.o
                0x00000000000011c4                bsp_ubtn
 .text.bsp_uled_on
                0x00000000000011d2       0x10 ./build/hydrausb3_v1.o
                0x00000000000011d2                bsp_uled_on
 .text.bsp_uled_off
                0x00000000000011e2       0x10 ./build/hydrausb3_v1.o
                0x00000000000011e2                bsp_uled_off
 .text.USB3_force
                0x00000000000011f2      0x156 ./build/CH56x_usb30_devbulk.o
                0x00000000000011f2                USB3_force
 .text.USB30_BusReset
                0x0000000000001348      0x146 ./build/CH56x_usb30_devbulk.o
                0x0000000000001348                USB30_BusReset
 .text.USB30D_init
                0x000000000000148e      0x144 ./build/CH56x_usb30_devbulk.o
                0x000000000000148e                USB30D_init
 .text.USB30_NonStandardReq
                0x00000000000015d2      0x146 ./build/CH56x_usb30_devbulk.o
                0x00000000000015d2                USB30_NonStandardReq
 .text.USB30_StandardReq
                0x0000000000001718      0x19a ./build/CH56x_usb30_devbulk.o
                0x0000000000001718                USB30_StandardReq
 .text.TMR0_IRQHandler
                0x00000000000018b2      0x110 ./build/CH56x_usb30_devbulk.o
                0x00000000000018b2                TMR0_IRQHandler
 .text.LINK_IRQHandler
                0x00000000000019c2      0x30a ./build/CH56x_usb30_devbulk.o
                0x00000000000019c2                LINK_IRQHandler
 .text.USBSS_IRQHandler
                0x0000000000001ccc      0x430 ./build/CH56x_usb30_devbulk.o
                0x0000000000001ccc                USBSS_IRQHandler
 .text.USB2_force
                0x00000000000020fc      0x11c ./build/CH56x_usb20_devbulk.o
                0x00000000000020fc                USB2_force
 .text.USB20_Endp_Init
                0x0000000000002218       0xbc ./build/CH56x_usb20_devbulk.o
                0x0000000000002218                USB20_Endp_Init
 .text.USB20_Device_Init
                0x00000000000022d4       0xda ./build/CH56x_usb20_devbulk.o
                0x00000000000022d4                USB20_Device_Init
 .text.U20_NonStandard_Request
                0x00000000000023ae      0x15e ./build/CH56x_usb20_devbulk.o
                0x00000000000023ae                U20_NonStandard_Request
 .text.U20_Standard_Request
                0x000000000000250c      0x3b8 ./build/CH56x_usb20_devbulk.o
                0x000000000000250c                U20_Standard_Request
 .text.USBHS_IRQHandler
                0x00000000000028c4      0x39e ./build/CH56x_usb20_devbulk.o
                0x00000000000028c4                USBHS_IRQHandler
 .text.usb_descriptor_set_usb_vid_pid
                0x0000000000002c62       0x52 ./build/CH56x_usb_devbulk_desc_cmd.o
                0x0000000000002c62                usb_descriptor_set_usb_vid_pid
 .text.usb_descriptor_set_string_serial_number
                0x0000000000002cb4      0x100 ./build/CH56x_usb_devbulk_desc_cmd.o
                0x0000000000002cb4                usb_descriptor_set_string_serial_number
 .text.cdc_recv_data
                0x0000000000002db4        0x8 ./build/Main.o
                0x0000000000002db4                cdc_recv_data
 .text.cdc_line_coding_change
                0x0000000000002dbc        0x2 ./build/Main.o
                0x0000000000002dbc                cdc_line_coding_change
 .text.cdc_send_done
                0x0000000000002dbe       0x18 ./build/Main.o
                0x0000000000002dbe                cdc_send_done
 .text.startup.main
                0x0000000000002dd6      0x3da ./build/Main.o
                0x0000000000002dd6                main
 .text.HardFault_Handler
                0x00000000000031b0       0x54 ./build/Main.o
                0x00000000000031b0                HardFault_Handler
 .text.UART2_IRQHandler
                0x0000000000003204       0x14 ./build/Main.o
                0x0000000000003204                UART2_IRQHandler
 .text.usb_cmd_rx
                0x0000000000003218      0x188 ./build/usb_cmd.o
                0x0000000000003218                usb_cmd_rx
 .text.vector_handler
                0x00000000000033a0       0x32 ./build/startup_CH56x.o
                0x00000000000033a0                NMI_Handler
                0x00000000000033a4                SysTick_Handler
                0x00000000000033a6                SW_Handler
                0x00000000000033a8                WDOG_IRQHandler
                0x00000000000033ac                GPIO_IRQHandler
                0x00000000000033ae                SPI0_IRQHandler
                0x00000000000033b4                TMR1_IRQHandler
                0x00000000000033b6                TMR2_IRQHandler
                0x00000000000033b8                UART0_IRQHandler
                0x00000000000033bc                EMMC_IRQHandler
                0x00000000000033be                DVP_IRQHandler
                0x00000000000033c0                HSPI_IRQHandler
                0x00000000000033c2                SPI1_IRQHandler
                0x00000000000033c4                UART1_IRQHandler
                0x00000000000033c8                UART3_IRQHandler
                0x00000000000033ca                SERDES_IRQHandler
                0x00000000000033cc                ETH_IRQHandler
                0x00000000000033ce                PMT_IRQHandler
                0x00000000000033d0                ECDC_IRQHandler
 .text.handle_reset
                0x00000000000033d2       0x92 ./build/startup_CH56x.o
                0x00000000000033d2                handle_reset
 .text.__udivdi3
                0x0000000000003464      0x35e /media/maddocks/0e5c8f59-b86e-4423-a28c-b3830408c50a5/ch569/Work/riscv-none-elf-gcc-12.2.0-1/linux-arm64/install/riscv-none-elf-gcc-nano/lib/gcc/riscv-none-elf/12.2.0/libgcc.a(_udivdi3.o)
                0x0000000000003464                __udivdi3
 .text.__errno  0x00000000000037c2        0x6 /media/maddocks/0e5c8f59-b86e-4423-a28c-b3830408c50a5/ch569/Work/riscv-none-elf-gcc-12.2.0-1/linux-arm64/install/riscv-none-elf-gcc/riscv-none-elf/lib/libc_nano.a(lib_a-errno.o)
                0x00000000000037c2                __errno
 .text._free_r  0x00000000000037c8       0xa2 /media/maddocks/0e5c8f59-b86e-4423-a28c-b3830408c50a5/ch569/Work/riscv-none-elf-gcc-12.2.0-1/linux-arm64/install/riscv-none-elf-gcc/riscv-none-elf/lib/libc_nano.a(lib_a-nano-freer.o)
                0x00000000000037c8                _free_r
 .text.sbrk_aligned
                0x000000000000386a       0x54 /media/maddocks/0e5c8f59-b86e-4423-a28c-b3830408c50a5/ch569/Work/riscv-none-elf-gcc-12.2.0-1/linux-arm64/install/riscv-none-elf-gcc/riscv-none-elf/lib/libc_nano.a(lib_a-nano-mallocr.o)
 .text._malloc_r
                0x00000000000038be      0x10e /media/maddocks/0e5c8f59-b86e-4423-a28c-b3830408c50a5/ch569/Work/riscv-none-elf-gcc-12.2.0-1/linux-arm64/install/riscv-none-elf-gcc/riscv-none-elf/lib/libc_nano.a(lib_a-nano-mallocr.o)
                0x00000000000038be                _malloc_r
 .text.printf   0x00000000000039cc       0x3a /media/maddocks/0e5c8f59-b86e-4423-a28c-b3830408c50a5/ch569/Work/riscv-none-elf-gcc-12.2.0-1/linux-arm64/install/riscv-none-elf-gcc/riscv-none-elf/lib/libc_nano.a(lib_a-printf.o)
                0x00000000000039cc                printf
                0x00000000000039cc                iprintf
 .text._puts_r  0x0000000000003a06      0x112 /media/maddocks/0e5c8f59-b86e-4423-a28c-b3830408c50a5/ch569/Work/riscv-none-elf-gcc-12.2.0-1/linux-arm64/install/riscv-none-elf-gcc/riscv-none-elf/lib/libc_nano.a(lib_a-puts.o)
                0x0000000000003a06                _puts_r
 .text.puts     0x0000000000003b18        0x8 /media/maddocks/0e5c8f59-b86e-4423-a28c-b3830408c50a5/ch569/Work/riscv-none-elf-gcc-12.2.0-1/linux-arm64/install/riscv-none-elf-gcc/riscv-none-elf/lib/libc_nano.a(lib_a-puts.o)
                0x0000000000003b18                puts
 .text._sbrk_r  0x0000000000003b20       0x28 /media/maddocks/0e5c8f59-b86e-4423-a28c-b3830408c50a5/ch569/Work/riscv-none-elf-gcc-12.2.0-1/linux-arm64/install/riscv-none-elf-gcc/riscv-none-elf/lib/libc_nano.a(lib_a-sbrkr.o)
                0x0000000000003b20                _sbrk_r
 .text.snprintf
                0x0000000000003b48       0x70 /media/maddocks/0e5c8f59-b86e-4423-a28c-b3830408c50a5/ch569/Work/riscv-none-elf-gcc-12.2.0-1/linux-arm64/install/riscv-none-elf-gcc/riscv-none-elf/lib/libc_nano.a(lib_a-snprintf.o)
                0x0000000000003b48                snprintf
                0x0000000000003b48                sniprintf
 .text.sprintf  0x0000000000003bb8       0x44 /media/maddocks/0e5c8f59-b86e-4423-a28c-b3830408c50a5/ch569/Work/riscv-none-elf-gcc-12.2.0-1/linux-arm64/install/riscv-none-elf-gcc/riscv-none-elf/lib/libc_nano.a(lib_a-sprintf.o)
                0x0000000000003bb8                sprintf
                0x0000000000003bb8                siprintf
 .text._vsnprintf_r
                0x0000000000003bfc       0x64 /media/maddocks/0e5c8f59-b86e-4423-a28c-b3830408c50a5/ch569/Work/riscv-none-elf-gcc-12.2.0-1/linux-arm64/install/riscv-none-elf-gcc/riscv-none-elf/lib/libc_nano.a(lib_a-vsnprintf.o)
                0x0000000000003bfc                _vsnprintf_r
                0x0000000000003bfc                _vsniprintf_r
 .text.vsnprintf
                0x0000000000003c60        0xe /media/maddocks/0e5c8f59-b86e-4423-a28c-b3830408c50a5/ch569/Work/riscv-none-elf-gcc-12.2.0-1/linux-arm64/install/riscv-none-elf-gcc/riscv-none-elf/lib/libc_nano.a(lib_a-vsnprintf.o)
                0x0000000000003c60                vsnprintf
                0x0000000000003c60                vsniprintf
 .text.__swbuf_r
                0x0000000000003c6e       0xc0 /media/maddocks/0e5c8f59-b86e-4423-a28c-b3830408c50a5/ch569/Work/riscv-none-elf-gcc-12.2.0-1/linux-arm64/install/riscv-none-elf-gcc/riscv-none-elf/lib/libc_nano.a(lib_a-wbuf.o)
                0x0000000000003c6e                __swbuf_r
 .text.__swsetup_r
                0x0000000000003d2e       0xfc /media/maddocks/0e5c8f59-b86e-4423-a28c-b3830408c50a5/ch569/Work/riscv-none-elf-gcc-12.2.0-1/linux-arm64/install/riscv-none-elf-gcc/riscv-none-elf/lib/libc_nano.a(lib_a-wsetup.o)
                0x0000000000003d2e                __swsetup_r
 .text.__sflush_r
                0x0000000000003e2a      0x13a /media/maddocks/0e5c8f59-b86e-4423-a28c-b3830408c50a5/ch569/Work/riscv-none-elf-gcc-12.2.0-1/linux-arm64/install/riscv-none-elf-gcc/riscv-none-elf/lib/libc_nano.a(lib_a-fflush.o)
                0x0000000000003e2a                __sflush_r
 .text._fflush_r
                0x0000000000003f64       0x88 /media/maddocks/0e5c8f59-b86e-4423-a28c-b3830408c50a5/ch569/Work/riscv-none-elf-gcc-12.2.0-1/linux-arm64/install/riscv-none-elf-gcc/riscv-none-elf/lib/libc_nano.a(lib_a-fflush.o)
                0x0000000000003f64                _fflush_r
 .text.std      0x0000000000003fec       0x6a /media/maddocks/0e5c8f59-b86e-4423-a28c-b3830408c50a5/ch569/Work/riscv-none-elf-gcc-12.2.0-1/linux-arm64/install/riscv-none-elf-gcc/riscv-none-elf/lib/libc_nano.a(lib_a-findfp.o)
 .text._cleanup_r
                0x0000000000004056        0xa /media/maddocks/0e5c8f59-b86e-4423-a28c-b3830408c50a5/ch569/Work/riscv-none-elf-gcc-12.2.0-1/linux-arm64/install/riscv-none-elf-gcc/riscv-none-elf/lib/libc_nano.a(lib_a-findfp.o)
                0x0000000000004056                _cleanup_r
 .text.__sfmoreglue
                0x0000000000004060       0x48 /media/maddocks/0e5c8f59-b86e-4423-a28c-b3830408c50a5/ch569/Work/riscv-none-elf-gcc-12.2.0-1/linux-arm64/install/riscv-none-elf-gcc/riscv-none-elf/lib/libc_nano.a(lib_a-findfp.o)
                0x0000000000004060                __sfmoreglue
 .text.__sfp_lock_acquire
                0x00000000000040a8        0x6 /media/maddocks/0e5c8f59-b86e-4423-a28c-b3830408c50a5/ch569/Work/riscv-none-elf-gcc-12.2.0-1/linux-arm64/install/riscv-none-elf-gcc/riscv-none-elf/lib/libc_nano.a(lib_a-findfp.o)
                0x00000000000040a8                __sfp_lock_acquire
 .text.__sfp_lock_release
                0x00000000000040ae        0x6 /media/maddocks/0e5c8f59-b86e-4423-a28c-b3830408c50a5/ch569/Work/riscv-none-elf-gcc-12.2.0-1/linux-arm64/install/riscv-none-elf-gcc/riscv-none-elf/lib/libc_nano.a(lib_a-findfp.o)
                0x00000000000040ae                __sfp_lock_release
 .text.__sinit_lock_acquire
                0x00000000000040b4        0x6 /media/maddocks/0e5c8f59-b86e-4423-a28c-b3830408c50a5/ch569/Work/riscv-none-elf-gcc-12.2.0-1/linux-arm64/install/riscv-none-elf-gcc/riscv-none-elf/lib/libc_nano.a(lib_a-findfp.o)
                0x00000000000040b4                __sinit_lock_acquire
 .text.__sinit_lock_release
                0x00000000000040ba        0x6 /media/maddocks/0e5c8f59-b86e-4423-a28c-b3830408c50a5/ch569/Work/riscv-none-elf-gcc-12.2.0-1/linux-arm64/install/riscv-none-elf-gcc/riscv-none-elf/lib/libc_nano.a(lib_a-findfp.o)
                0x00000000000040ba                __sinit_lock_release
 .text.__sinit  0x00000000000040c0       0x68 /media/maddocks/0e5c8f59-b86e-4423-a28c-b3830408c50a5/ch569/Work/riscv-none-elf-gcc-12.2.0-1/linux-arm64/install/riscv-none-elf-gcc/riscv-none-elf/lib/libc_nano.a(lib_a-findfp.o)
                0x00000000000040c0                __sinit
 .text.__sfp    0x0000000000004128       0xa6 /media/maddocks/0e5c8f59-b86e-4423-a28c-b3830408c50a5/ch569/Work/riscv-none-elf-gcc-12.2.0-1/linux-arm64/install/riscv-none-elf-gcc/riscv-none-elf/lib/libc_nano.a(lib_a-findfp.o)
                0x0000000000004128                __sfp
 .text._fwalk_reent
                0x00000000000041ce       0x6a /media/maddocks/0e5c8f59-b86e-4423-a28c-b3830408c50a5/ch569/Work/riscv-none-elf-gcc-12.2.0-1/linux-arm64/install/riscv-none-elf-gcc/riscv-none-elf/lib/libc_nano.a(lib_a-fwalk.o)
                0x00000000000041ce                _fwalk_reent
 .text.__retarget_lock_init_recursive
                0x0000000000004238        0x2 /media/maddocks/0e5c8f59-b86e-4423-a28c-b3830408c50a5/ch569/Work/riscv-none-elf-gcc-12.2.0-1/linux-arm64/install/riscv-none-elf-gcc/riscv-none-elf/lib/libc_nano.a(lib_a-lock.o)
                0x0000000000004238                __retarget_lock_init_recursive
 .text.__retarget_lock_acquire_recursive
                0x000000000000423a        0x2 /media/maddocks/0e5c8f59-b86e-4423-a28c-b3830408c50a5/ch569/Work/riscv-none-elf-gcc-12.2.0-1/linux-arm64/install/riscv-none-elf-gcc/riscv-none-elf/lib/libc_nano.a(lib_a-lock.o)
                0x000000000000423a                __retarget_lock_acquire_recursive
 .text.__retarget_lock_release_recursive
                0x000000000000423c        0x2 /media/maddocks/0e5c8f59-b86e-4423-a28c-b3830408c50a5/ch569/Work/riscv-none-elf-gcc-12.2.0-1/linux-arm64/install/riscv-none-elf-gcc/riscv-none-elf/lib/libc_nano.a(lib_a-lock.o)
                0x000000000000423c                __retarget_lock_release_recursive
 .text.__swhatbuf_r
                0x000000000000423e       0x5c /media/maddocks/0e5c8f59-b86e-4423-a28c-b3830408c50a5/ch569/Work/riscv-none-elf-gcc-12.2.0-1/linux-arm64/install/riscv-none-elf-gcc/riscv-none-elf/lib/libc_nano.a(lib_a-makebuf.o)
                0x000000000000423e                __swhatbuf_r
 .text.__smakebuf_r
                0x000000000000429a       0xa6 /media/maddocks/0e5c8f59-b86e-4423-a28c-b3830408c50a5/ch569/Work/riscv-none-elf-gcc-12.2.0-1/linux-arm64/install/riscv-none-elf-gcc/riscv-none-elf/lib/libc_nano.a(lib_a-makebuf.o)
                0x000000000000429a                __smakebuf_r
 .text.__malloc_lock
                0x0000000000004340        0x6 /media/maddocks/0e5c8f59-b86e-4423-a28c-b3830408c50a5/ch569/Work/riscv-none-elf-gcc-12.2.0-1/linux-arm64/install/riscv-none-elf-gcc/riscv-none-elf/lib/libc_nano.a(lib_a-mlock.o)
                0x0000000000004340                __malloc_lock
 .text.__malloc_unlock
                0x0000000000004346        0x6 /media/maddocks/0e5c8f59-b86e-4423-a28c-b3830408c50a5/ch569/Work/riscv-none-elf-gcc-12.2.0-1/linux-arm64/install/riscv-none-elf-gcc/riscv-none-elf/lib/libc_nano.a(lib_a-mlock.o)
                0x0000000000004346                __malloc_unlock
 .text.__ssputs_r
                0x000000000000434c       0xec /media/maddocks/0e5c8f59-b86e-4423-a28c-b3830408c50a5/ch569/Work/riscv-none-elf-gcc-12.2.0-1/linux-arm64/install/riscv-none-elf-gcc/riscv-none-elf/lib/libc_nano.a(lib_a-nano-svfprintf.o)
                0x000000000000434c                __ssputs_r
 .text._svfprintf_r
                0x0000000000004438      0x274 /media/maddocks/0e5c8f59-b86e-4423-a28c-b3830408c50a5/ch569/Work/riscv-none-elf-gcc-12.2.0-1/linux-arm64/install/riscv-none-elf-gcc/riscv-none-elf/lib/libc_nano.a(lib_a-nano-svfprintf.o)
                0x0000000000004438                _svfprintf_r
                0x0000000000004438                _svfiprintf_r
 .text._printf_common
                0x00000000000046ac      0x110 /media/maddocks/0e5c8f59-b86e-4423-a28c-b3830408c50a5/ch569/Work/riscv-none-elf-gcc-12.2.0-1/linux-arm64/install/riscv-none-elf-gcc/riscv-none-elf/lib/libc_nano.a(lib_a-nano-vfprintf_i.o)
                0x00000000000046ac                _printf_common
 .text._printf_i
                0x00000000000047bc      0x284 /media/maddocks/0e5c8f59-b86e-4423-a28c-b3830408c50a5/ch569/Work/riscv-none-elf-gcc-12.2.0-1/linux-arm64/install/riscv-none-elf-gcc/riscv-none-elf/lib/libc_nano.a(lib_a-nano-vfprintf_i.o)
                0x00000000000047bc                _printf_i
 .text.__sfputc_r
                0x0000000000004a40       0x2a /media/maddocks/0e5c8f59-b86e-4423-a28c-b3830408c50a5/ch569/Work/riscv-none-elf-gcc-12.2.0-1/linux-arm64/install/riscv-none-elf-gcc/riscv-none-elf/lib/libc_nano.a(lib_a-nano-vfprintf.o)
 .text.__sfputs_r
                0x0000000000004a6a       0x42 /media/maddocks/0e5c8f59-b86e-4423-a28c-b3830408c50a5/ch569/Work/riscv-none-elf-gcc-12.2.0-1/linux-arm64/install/riscv-none-elf-gcc/riscv-none-elf/lib/libc_nano.a(lib_a-nano-vfprintf.o)
                0x0000000000004a6a                __sfputs_r
 .text._vfprintf_r
                0x0000000000004aac      0x2da /media/maddocks/0e5c8f59-b86e-4423-a28c-b3830408c50a5/ch569/Work/riscv-none-elf-gcc-12.2.0-1/linux-arm64/install/riscv-none-elf-gcc/riscv-none-elf/lib/libc_nano.a(lib_a-nano-vfprintf.o)
                0x0000000000004aac                _vfiprintf_r
                0x0000000000004aac                _vfprintf_r
 .text.__sread  0x0000000000004d86       0x30 /media/maddocks/0e5c8f59-b86e-4423-a28c-b3830408c50a5/ch569/Work/riscv-none-elf-gcc-12.2.0-1/linux-arm64/install/riscv-none-elf-gcc/riscv-none-elf/lib/libc_nano.a(lib_a-stdio.o)
                0x0000000000004d86                __sread
 .text.__swrite
                0x0000000000004db6       0x4e /media/maddocks/0e5c8f59-b86e-4423-a28c-b3830408c50a5/ch569/Work/riscv-none-elf-gcc-12.2.0-1/linux-arm64/install/riscv-none-elf-gcc/riscv-none-elf/lib/libc_nano.a(lib_a-stdio.o)
                0x0000000000004db6                __swrite
 .text.__sseek  0x0000000000004e04       0x36 /media/maddocks/0e5c8f59-b86e-4423-a28c-b3830408c50a5/ch569/Work/riscv-none-elf-gcc-12.2.0-1/linux-arm64/install/riscv-none-elf-gcc/riscv-none-elf/lib/libc_nano.a(lib_a-stdio.o)
                0x0000000000004e04                __sseek
 .text.__sclose
                0x0000000000004e3a        0x6 /media/maddocks/0e5c8f59-b86e-4423-a28c-b3830408c50a5/ch569/Work/riscv-none-elf-gcc-12.2.0-1/linux-arm64/install/riscv-none-elf-gcc/riscv-none-elf/lib/libc_nano.a(lib_a-stdio.o)
                0x0000000000004e3a                __sclose
 .text._write_r
                0x0000000000004e40       0x2c /media/maddocks/0e5c8f59-b86e-4423-a28c-b3830408c50a5/ch569/Work/riscv-none-elf-gcc-12.2.0-1/linux-arm64/install/riscv-none-elf-gcc/riscv-none-elf/lib/libc_nano.a(lib_a-writer.o)
                0x0000000000004e40                _write_r
 .text._close_r
                0x0000000000004e6c       0x26 /media/maddocks/0e5c8f59-b86e-4423-a28c-b3830408c50a5/ch569/Work/riscv-none-elf-gcc-12.2.0-1/linux-arm64/install/riscv-none-elf-gcc/riscv-none-elf/lib/libc_nano.a(lib_a-closer.o)
                0x0000000000004e6c                _close_r
 .text._fstat_r
                0x0000000000004e92       0x28 /media/maddocks/0e5c8f59-b86e-4423-a28c-b3830408c50a5/ch569/Work/riscv-none-elf-gcc-12.2.0-1/linux-arm64/install/riscv-none-elf-gcc/riscv-none-elf/lib/libc_nano.a(lib_a-fstatr.o)
                0x0000000000004e92                _fstat_r
 .text._isatty_r
                0x0000000000004eba       0x26 /media/maddocks/0e5c8f59-b86e-4423-a28c-b3830408c50a5/ch569/Work/riscv-none-elf-gcc-12.2.0-1/linux-arm64/install/riscv-none-elf-gcc/riscv-none-elf/lib/libc_nano.a(lib_a-isattyr.o)
                0x0000000000004eba                _isatty_r
 .text._lseek_r
                0x0000000000004ee0       0x2a /media/maddocks/0e5c8f59-b86e-4423-a28c-b3830408c50a5/ch569/Work/riscv-none-elf-gcc-12.2.0-1/linux-arm64/install/riscv-none-elf-gcc/riscv-none-elf/lib/libc_nano.a(lib_a-lseekr.o)
                0x0000000000004ee0                _lseek_r
 .text.memchr   0x0000000000004f0a       0x1a /media/maddocks/0e5c8f59-b86e-4423-a28c-b3830408c50a5/ch569/Work/riscv-none-elf-gcc-12.2.0-1/linux-arm64/install/riscv-none-elf-gcc/riscv-none-elf/lib/libc_nano.a(lib_a-memchr.o)
                0x0000000000004f0a                memchr
 .text._realloc_r
                0x0000000000004f24       0x7c /media/maddocks/0e5c8f59-b86e-4423-a28c-b3830408c50a5/ch569/Work/riscv-none-elf-gcc-12.2.0-1/linux-arm64/install/riscv-none-elf-gcc/riscv-none-elf/lib/libc_nano.a(lib_a-nano-reallocr.o)
                0x0000000000004f24                _realloc_r
 .text._read_r  0x0000000000004fa0       0x2a /media/maddocks/0e5c8f59-b86e-4423-a28c-b3830408c50a5/ch569/Work/riscv-none-elf-gcc-12.2.0-1/linux-arm64/install/riscv-none-elf-gcc/riscv-none-elf/lib/libc_nano.a(lib_a-readr.o)
                0x0000000000004fa0                _read_r
 .text._malloc_usable_size_r
                0x0000000000004fca       0x14 /media/maddocks/0e5c8f59-b86e-4423-a28c-b3830408c50a5/ch569/Work/riscv-none-elf-gcc-12.2.0-1/linux-arm64/install/riscv-none-elf-gcc/riscv-none-elf/lib/libc_nano.a(lib_a-nano-msizer.o)
                0x0000000000004fca                _malloc_usable_size_r
 .text._close   0x0000000000004fde       0x2a /media/maddocks/0e5c8f59-b86e-4423-a28c-b3830408c50a5/ch569/Work/riscv-none-elf-gcc-12.2.0-1/linux-arm64/install/riscv-none-elf-gcc/riscv-none-elf/lib/libgloss_nano.a(sys_close.o)
                0x0000000000004fde                _close
 .text._fstat   0x0000000000005008       0x38 /media/maddocks/0e5c8f59-b86e-4423-a28c-b3830408c50a5/ch569/Work/riscv-none-elf-gcc-12.2.0-1/linux-arm64/install/riscv-none-elf-gcc/riscv-none-elf/lib/libgloss_nano.a(sys_fstat.o)
                0x0000000000005008                _fstat
 .text._isatty  0x0000000000005040       0x1e /media/maddocks/0e5c8f59-b86e-4423-a28c-b3830408c50a5/ch569/Work/riscv-none-elf-gcc-12.2.0-1/linux-arm64/install/riscv-none-elf-gcc/riscv-none-elf/lib/libgloss_nano.a(sys_isatty.o)
                0x0000000000005040                _isatty
 .text._lseek   0x000000000000505e       0x2a /media/maddocks/0e5c8f59-b86e-4423-a28c-b3830408c50a5/ch569/Work/riscv-none-elf-gcc-12.2.0-1/linux-arm64/install/riscv-none-elf-gcc/riscv-none-elf/lib/libgloss_nano.a(sys_lseek.o)
                0x000000000000505e                _lseek
 .text._read    0x0000000000005088       0x2a /media/maddocks/0e5c8f59-b86e-4423-a28c-b3830408c50a5/ch569/Work/riscv-none-elf-gcc-12.2.0-1/linux-arm64/install/riscv-none-elf-gcc/riscv-none-elf/lib/libgloss_nano.a(sys_read.o)
                0x0000000000005088                _read
 .text._sbrk    0x00000000000050b2       0x48 /media/maddocks/0e5c8f59-b86e-4423-a28c-b3830408c50a5/ch569/Work/riscv-none-elf-gcc-12.2.0-1/linux-arm64/install/riscv-none-elf-gcc/riscv-none-elf/lib/libgloss_nano.a(sys_sbrk.o)
                0x00000000000050b2                _sbrk
 .text._conv_stat
                0x00000000000050fa       0x4e /media/maddocks/0e5c8f59-b86e-4423-a28c-b3830408c50a5/ch569/Work/riscv-none-elf-gcc-12.2.0-1/linux-arm64/install/riscv-none-elf-gcc/riscv-none-elf/lib/libgloss_nano.a(sys_conv_stat.o)
                0x00000000000050fa                _conv_stat
 *(.rodata)
 *(.rodata*)
 .rodata.GPIOA_ModeCfg
                0x0000000000005148       0x2c ./build/CH56x_gpio.o
 .rodata.GPIOB_ModeCfg
                0x0000000000005174       0x2c ./build/CH56x_gpio.o
 .rodata.log_printf.str1.4
                0x00000000000051a0       0x15 ./build/CH56x_debug_log.o
 *fill*         0x00000000000051b5        0x3 
 .rodata.cdc_ctrl.isra.0.str1.4
                0x00000000000051b8       0x9a ./build/tusbd_cdc.o
 *fill*         0x0000000000005252        0x2 
 .rodata.cdc_device_backend
                0x0000000000005254       0x10 ./build/tusbd_cdc.o
                0x0000000000005254                cdc_device_backend
 .rodata.str1.4
                0x0000000000005264        0xa ./build/tusbd_cdc.o
 *fill*         0x000000000000526e        0x2 
 .rodata.stop_name
                0x0000000000005270        0xc ./build/tusbd_cdc.o
 .rodata.tusb_dev_drv_send_data.str1.4
                0x000000000000527c       0x55 ./build/tusb_dev_drv_ch56x.o
 *fill*         0x00000000000052d1        0x3 
 .rodata.tusb_dev_drv_set_recv_buffer.str1.4
                0x00000000000052d4       0x55 ./build/tusb_dev_drv_ch56x.o
 *fill*         0x0000000000005329        0x3 
 .rodata.USB30_NonStandardReq
                0x000000000000532c       0x14 ./build/CH56x_usb30_devbulk.o
 .rodata.USB30_StandardReq
                0x0000000000005340       0xc8 ./build/CH56x_usb30_devbulk.o
 .rodata.U20_NonStandard_Request
                0x0000000000005408       0x14 ./build/CH56x_usb20_devbulk.o
 .rodata.U20_Standard_Request
                0x000000000000541c       0x30 ./build/CH56x_usb20_devbulk.o
 .rodata.htoa   0x000000000000544c       0x10 ./build/CH56x_usb_devbulk_desc_cmd.o
 .rodata.main.str1.4
                0x000000000000545c       0xc1 ./build/Main.o
                                         0xd2 (size before relaxing)
 *fill*         0x000000000000551d        0x3 
 .rodata.HardFault_Handler.str1.4
                0x0000000000005520       0x4c ./build/Main.o
 .rodata.usb_cmd_rx.str1.4
                0x000000000000556c      0x13e ./build/usb_cmd.o
 *fill*         0x00000000000056aa        0x2 
 .rodata.__clz_tab
                0x00000000000056ac      0x100 /media/maddocks/0e5c8f59-b86e-4423-a28c-b3830408c50a5/ch569/Work/riscv-none-elf-gcc-12.2.0-1/linux-arm64/install/riscv-none-elf-gcc-nano/lib/gcc/riscv-none-elf/12.2.0/libgcc.a(_clz.o)
                0x00000000000056ac                __clz_tab
 .rodata.__sf_fake_stderr
                0x00000000000057ac       0x20 /media/maddocks/0e5c8f59-b86e-4423-a28c-b3830408c50a5/ch569/Work/riscv-none-elf-gcc-12.2.0-1/linux-arm64/install/riscv-none-elf-gcc/riscv-none-elf/lib/libc_nano.a(lib_a-findfp.o)
                0x00000000000057ac                __sf_fake_stderr
 .rodata.__sf_fake_stdout
                0x00000000000057cc       0x20 /media/maddocks/0e5c8f59-b86e-4423-a28c-b3830408c50a5/ch569/Work/riscv-none-elf-gcc-12.2.0-1/linux-arm64/install/riscv-none-elf-gcc/riscv-none-elf/lib/libc_nano.a(lib_a-findfp.o)
                0x00000000000057cc                __sf_fake_stdout
 .rodata.__sf_fake_stdin
                0x00000000000057ec       0x20 /media/maddocks/0e5c8f59-b86e-4423-a28c-b3830408c50a5/ch569/Work/riscv-none-elf-gcc-12.2.0-1/linux-arm64/install/riscv-none-elf-gcc/riscv-none-elf/lib/libc_nano.a(lib_a-findfp.o)
                0x00000000000057ec                __sf_fake_stdin
 .rodata._svfprintf_r.str1.4
                0x000000000000580c       0x13 /media/maddocks/0e5c8f59-b86e-4423-a28c-b3830408c50a5/ch569/Work/riscv-none-elf-gcc-12.2.0-1/linux-arm64/install/riscv-none-elf-gcc/riscv-none-elf/lib/libc_nano.a(lib_a-nano-svfprintf.o)
 *fill*         0x000000000000581f        0x1 
 .rodata._printf_i.str1.4
                0x0000000000005820       0x25 /media/maddocks/0e5c8f59-b86e-4423-a28c-b3830408c50a5/ch569/Work/riscv-none-elf-gcc-12.2.0-1/linux-arm64/install/riscv-none-elf-gcc/riscv-none-elf/lib/libc_nano.a(lib_a-nano-vfprintf_i.o)
 *fill*         0x0000000000005845        0x3 
 .rodata._printf_i
                0x0000000000005848       0x58 /media/maddocks/0e5c8f59-b86e-4423-a28c-b3830408c50a5/ch569/Work/riscv-none-elf-gcc-12.2.0-1/linux-arm64/install/riscv-none-elf-gcc/riscv-none-elf/lib/libc_nano.a(lib_a-nano-vfprintf_i.o)
 .rodata._vfprintf_r.str1.4
                0x00000000000058a0       0x13 /media/maddocks/0e5c8f59-b86e-4423-a28c-b3830408c50a5/ch569/Work/riscv-none-elf-gcc-12.2.0-1/linux-arm64/install/riscv-none-elf-gcc/riscv-none-elf/lib/libc_nano.a(lib_a-nano-vfprintf.o)
 *(.glue_7)
 *(.glue_7t)
 *(.gnu.linkonce.t.*)
                0x00000000000058b4                . = ALIGN (0x4)

.rela.dyn       0x00000000000058a0        0x0
 .rela.init     0x00000000000058a0        0x0 ./build/CH56x_gpio.o
 .rela.vector   0x00000000000058a0        0x0 ./build/CH56x_gpio.o
 .rela.text.handle_reset
                0x00000000000058a0        0x0 ./build/CH56x_gpio.o
 .rela.text._svfprintf_r
                0x00000000000058a0        0x0 ./build/CH56x_gpio.o
 .rela.text._vfprintf_r
                0x00000000000058a0        0x0 ./build/CH56x_gpio.o

.fini           0x00000000000058a0        0x0
 *(SORT_NONE(.fini))
                0x00000000000058a0                . = ALIGN (0x4)
                [!provide]                        PROVIDE (_etext = .)
                [!provide]                        PROVIDE (_eitcm = .)

.preinit_array  0x00000000000058a0        0x0
                [!provide]                        PROVIDE (__preinit_array_start = .)
 *(.preinit_array)
                [!provide]                        PROVIDE (__preinit_array_end = .)

.init_array     0x00000000000058a0        0x0
                [!provide]                        PROVIDE (__init_array_start = .)
 *(SORT_BY_INIT_PRIORITY(.init_array.*) SORT_BY_INIT_PRIORITY(.ctors.*))
 *(.init_array EXCLUDE_FILE(*crtend?.o *crtend.o *crtbegin?.o *crtbegin.o) .ctors)
                [!provide]                        PROVIDE (__init_array_end = .)

.fini_array     0x00000000000058a0        0x0
                [!provide]                        PROVIDE (__fini_array_start = .)
 *(SORT_BY_INIT_PRIORITY(.fini_array.*) SORT_BY_INIT_PRIORITY(.dtors.*))
 *(.fini_array EXCLUDE_FILE(*crtend?.o *crtend.o *crtbegin?.o *crtbegin.o) .dtors)
                [!provide]                        PROVIDE (__fini_array_end = .)

.ctors
 *crtbegin.o(.ctors)
 *crtbegin?.o(.ctors)
 *(EXCLUDE_FILE(*crtend?.o *crtend.o) .ctors)
 *(SORT_BY_NAME(.ctors.*))
 *(.ctors)

.dtors
 *crtbegin.o(.dtors)
 *crtbegin?.o(.dtors)
 *(EXCLUDE_FILE(*crtend?.o *crtend.o) .dtors)
 *(SORT_BY_NAME(.dtors.*))
 *(.dtors)

.dalign         0x0000000020000000        0x0 load address 0x00000000000058a0
                0x0000000020000000                . = ALIGN (0x4)
                0x0000000020000000                PROVIDE (_data_vma = .)

.dlalign        0x00000000000058a0        0x0
                0x00000000000058a0                . = ALIGN (0x4)
                0x00000000000058a0                PROVIDE (_data_lma = .)

.data           0x0000000020000000      0x334 load address 0x00000000000058a0
 *(.gnu.linkonce.r.*)
 *(.data .data.*)
 .data.USB_PropertyHeader
                0x0000000020000000       0x8e ./build/CH56x_usb_devbulk_desc_cmd.o
                0x0000000020000000                USB_PropertyHeader
 *fill*         0x000000002000008e        0x2 
 .data.USB_CompatId
                0x0000000020000090       0x28 ./build/CH56x_usb_devbulk_desc_cmd.o
                0x0000000020000090                USB_CompatId
 .data.USB_MSOS20DescriptorSet
                0x00000000200000b8       0x48 ./build/CH56x_usb_devbulk_desc_cmd.o
                0x00000000200000b8                USB_MSOS20DescriptorSet
 .data.USB_BOSDescriptor
                0x0000000020000100       0x16 ./build/CH56x_usb_devbulk_desc_cmd.o
                0x0000000020000100                USB_BOSDescriptor
 *fill*         0x0000000020000116        0x2 
 .data.USB_OSStringDescriptor
                0x0000000020000118       0x12 ./build/CH56x_usb_devbulk_desc_cmd.o
                0x0000000020000118                USB_OSStringDescriptor
 *fill*         0x000000002000012a        0x2 
 .data.USB_StringSerial
                0x000000002000012c       0x3c ./build/CH56x_usb_devbulk_desc_cmd.o
                0x000000002000012c                USB_StringSerial
 .data.USB_SS_StringProduct
                0x0000000020000168       0x14 ./build/CH56x_usb_devbulk_desc_cmd.o
                0x0000000020000168                USB_SS_StringProduct
 .data.USB_HS_StringProduct
                0x000000002000017c       0x14 ./build/CH56x_usb_devbulk_desc_cmd.o
                0x000000002000017c                USB_HS_StringProduct
 .data.USB_StringVendor
                0x0000000020000190       0x12 ./build/CH56x_usb_devbulk_desc_cmd.o
                0x0000000020000190                USB_StringVendor
 *fill*         0x00000000200001a2        0x2 
 .data.USB_SS_ConfigDescriptor
                0x00000000200001a4       0x5d ./build/CH56x_usb_devbulk_desc_cmd.o
                0x00000000200001a4                USB_SS_ConfigDescriptor
 *fill*         0x0000000020000201        0x3 
 .data.USB_HS_ConfigDescriptor
                0x0000000020000204       0x4b ./build/CH56x_usb_devbulk_desc_cmd.o
                0x0000000020000204                USB_HS_ConfigDescriptor
 *fill*         0x000000002000024f        0x1 
 .data.USB_SS_DeviceDescriptor
                0x0000000020000250       0x12 ./build/CH56x_usb_devbulk_desc_cmd.o
                0x0000000020000250                USB_SS_DeviceDescriptor
 *fill*         0x0000000020000262        0x2 
 .data.USB_HS_DeviceDescriptor
                0x0000000020000264       0x12 ./build/CH56x_usb_devbulk_desc_cmd.o
                0x0000000020000264                USB_HS_DeviceDescriptor
 *fill*         0x0000000020000276        0x2 
 .data.cdc_dev  0x0000000020000278       0x40 ./build/Main.o
                0x0000000020000278                cdc_dev
 .data.impure_data
                0x00000000200002b8       0x60 /media/maddocks/0e5c8f59-b86e-4423-a28c-b3830408c50a5/ch569/Work/riscv-none-elf-gcc-12.2.0-1/linux-arm64/install/riscv-none-elf-gcc/riscv-none-elf/lib/libc_nano.a(lib_a-impure.o)
 *(.gnu.linkonce.d.*)
                0x0000000020000318                . = ALIGN (0x8)
                0x0000000020000b18                PROVIDE (__global_pointer$ = (. + 0x800))
 *(.sdata .sdata.*)
 .sdata.U20_EndpnMaxSize
                0x0000000020000318        0x2 ./build/CH56x_usb20_devbulk.o
                0x0000000020000318                U20_EndpnMaxSize
 *fill*         0x000000002000031a        0x2 
 .sdata.USB_StringLangID
                0x000000002000031c        0x4 ./build/CH56x_usb_devbulk_desc_cmd.o
                0x000000002000031c                USB_StringLangID
 .sdata.vid_pid
                0x0000000020000320        0x4 ./build/Main.o
                0x0000000020000320                vid_pid
 .sdata.blink_ms
                0x0000000020000324        0x4 ./build/Main.o
                0x0000000020000324                blink_ms
 .sdata._impure_ptr
                0x0000000020000328        0x4 /media/maddocks/0e5c8f59-b86e-4423-a28c-b3830408c50a5/ch569/Work/riscv-none-elf-gcc-12.2.0-1/linux-arm64/install/riscv-none-elf-gcc/riscv-none-elf/lib/libc_nano.a(lib_a-impure.o)
                0x0000000020000328                _impure_ptr
 *(.sdata2.*)
 *(.gnu.linkonce.s.*)
                0x0000000020000330                . = ALIGN (0x8)
 *fill*         0x000000002000032c        0x4 
 *(.srodata.cst16)
 *(.srodata.cst8)
 *(.srodata.cst4)
 *(.srodata.cst2)
 *(.srodata .srodata.*)
 .srodata._global_impure_ptr
                0x0000000020000330        0x4 /media/maddocks/0e5c8f59-b86e-4423-a28c-b3830408c50a5/ch569/Work/riscv-none-elf-gcc-12.2.0-1/linux-arm64/install/riscv-none-elf-gcc/riscv-none-elf/lib/libc_nano.a(lib_a-impure.o)
                0x0000000020000330                _global_impure_ptr
                0x0000000020000334                . = ALIGN (0x4)
                0x0000000020000334                PROVIDE (_edata = .)

.bss            0x0000000020000338     0x2290 load address 0x0000000000005bd4
                0x0000000020000338                . = ALIGN (0x4)
                0x0000000020000338                PROVIDE (_sbss = .)
 *(.sbss*)
 .sbss.debug_log_buf
                0x0000000020000338        0x4 ./build/CH56x_debug_log.o
 *fill*         0x000000002000033c        0x4 
 .sbss.startCNT64
                0x0000000020000340        0x8 ./build/CH56x_debug_log.o
 .sbss.bsp_tick_frequency
                0x0000000020000348        0x4 ./build/CH56x_bsp.o
                0x0000000020000348                bsp_tick_frequency
 *fill*         0x000000002000034c        0x4 
 .sbss.bsp_ms_nbcycles
                0x0000000020000350        0x8 ./build/CH56x_bsp.o
                0x0000000020000350                bsp_ms_nbcycles
 .sbss.bsp_us_nbcycles
                0x0000000020000358        0x8 ./build/CH56x_bsp.o
                0x0000000020000358                bsp_us_nbcycles
 .sbss.count.0  0x0000000020000360        0x4 ./build/CH56x_usb30_devbulk.o
 .sbss.g_DeviceUsbType
                0x0000000020000364        0x1 ./build/CH56x_usb30_devbulk.o
                0x0000000020000364                g_DeviceUsbType
 .sbss.g_DeviceConnectstatus
                0x0000000020000365        0x1 ./build/CH56x_usb30_devbulk.o
                0x0000000020000365                g_DeviceConnectstatus
 *fill*         0x0000000020000366        0x2 
 .sbss.pDescr   0x0000000020000368        0x4 ./build/CH56x_usb30_devbulk.o
 .sbss.SetupReqCode
                0x000000002000036c        0x1 ./build/CH56x_usb30_devbulk.o
 *fill*         0x000000002000036d        0x3 
 .sbss.SetupLen
                0x0000000020000370        0x4 ./build/CH56x_usb30_devbulk.o
 .sbss.link_sta
                0x0000000020000374        0x1 ./build/CH56x_usb30_devbulk.o
                0x0000000020000374                link_sta
 .sbss.tx_lmp_port
                0x0000000020000375        0x1 ./build/CH56x_usb30_devbulk.o
                0x0000000020000375                tx_lmp_port
 *fill*         0x0000000020000376        0x2 
 .sbss.EP1_OUT_seq_num
                0x0000000020000378        0x4 ./build/CH56x_usb20_devbulk.o
                0x0000000020000378                EP1_OUT_seq_num
 .sbss.pUEP1_RX_data
                0x000000002000037c        0x4 ./build/CH56x_usb20_devbulk.o
 .sbss.pUEP1_TX_data
                0x0000000020000380        0x4 ./build/CH56x_usb20_devbulk.o
 .sbss.pDescr   0x0000000020000384        0x4 ./build/CH56x_usb20_devbulk.o
 .sbss.SetupReq
                0x0000000020000388        0x1 ./build/CH56x_usb20_devbulk.o
 .sbss.SetupReqType
                0x0000000020000389        0x1 ./build/CH56x_usb20_devbulk.o
 *fill*         0x000000002000038a        0x2 
 .sbss.g_devInfo
                0x000000002000038c        0x5 ./build/CH56x_usb20_devbulk.o
                0x000000002000038c                g_devInfo
 *fill*         0x0000000020000391        0x1 
 .sbss.SetupLen
                0x0000000020000392        0x2 ./build/CH56x_usb20_devbulk.o
                0x0000000020000392                SetupLen
 .sbss.SetupReqLen
                0x0000000020000394        0x2 ./build/CH56x_usb20_devbulk.o
                0x0000000020000394                SetupReqLen
 *fill*         0x0000000020000396        0x2 
 .sbss.cdc_len  0x0000000020000398        0x4 ./build/Main.o
 .sbss.trigB    0x000000002000039c        0x1 ./build/Main.o
                0x000000002000039c                trigB
 *fill*         0x000000002000039d        0x3 
 .sbss.unique_id
                0x00000000200003a0        0x8 ./build/Main.o
                0x00000000200003a0                unique_id
 .sbss.__malloc_sbrk_start
                0x00000000200003a8        0x4 /media/maddocks/0e5c8f59-b86e-4423-a28c-b3830408c50a5/ch569/Work/riscv-none-elf-gcc-12.2.0-1/linux-arm64/install/riscv-none-elf-gcc/riscv-none-elf/lib/libc_nano.a(lib_a-nano-mallocr.o)
                0x00000000200003a8                __malloc_sbrk_start
 .sbss.__malloc_free_list
                0x00000000200003ac        0x4 /media/maddocks/0e5c8f59-b86e-4423-a28c-b3830408c50a5/ch569/Work/riscv-none-elf-gcc-12.2.0-1/linux-arm64/install/riscv-none-elf-gcc/riscv-none-elf/lib/libc_nano.a(lib_a-nano-mallocr.o)
                0x00000000200003ac                __malloc_free_list
 .sbss.__lock___malloc_recursive_mutex
                0x00000000200003b0        0x1 /media/maddocks/0e5c8f59-b86e-4423-a28c-b3830408c50a5/ch569/Work/riscv-none-elf-gcc-12.2.0-1/linux-arm64/install/riscv-none-elf-gcc/riscv-none-elf/lib/libc_nano.a(lib_a-lock.o)
                0x00000000200003b0                __lock___malloc_recursive_mutex
 *fill*         0x00000000200003b1        0x3 
 .sbss.__lock___sfp_recursive_mutex
                0x00000000200003b4        0x1 /media/maddocks/0e5c8f59-b86e-4423-a28c-b3830408c50a5/ch569/Work/riscv-none-elf-gcc-12.2.0-1/linux-arm64/install/riscv-none-elf-gcc/riscv-none-elf/lib/libc_nano.a(lib_a-lock.o)
                0x00000000200003b4                __lock___sfp_recursive_mutex
 *fill*         0x00000000200003b5        0x3 
 .sbss.__lock___sinit_recursive_mutex
                0x00000000200003b8        0x1 /media/maddocks/0e5c8f59-b86e-4423-a28c-b3830408c50a5/ch569/Work/riscv-none-elf-gcc-12.2.0-1/linux-arm64/install/riscv-none-elf-gcc/riscv-none-elf/lib/libc_nano.a(lib_a-lock.o)
                0x00000000200003b8                __lock___sinit_recursive_mutex
 *fill*         0x00000000200003b9        0x3 
 .sbss.errno    0x00000000200003bc        0x4 /media/maddocks/0e5c8f59-b86e-4423-a28c-b3830408c50a5/ch569/Work/riscv-none-elf-gcc-12.2.0-1/linux-arm64/install/riscv-none-elf-gcc/riscv-none-elf/lib/libc_nano.a(lib_a-reent.o)
                0x00000000200003bc                errno
 .sbss.heap_end.0
                0x00000000200003c0        0x4 /media/maddocks/0e5c8f59-b86e-4423-a28c-b3830408c50a5/ch569/Work/riscv-none-elf-gcc-12.2.0-1/linux-arm64/install/riscv-none-elf-gcc/riscv-none-elf/lib/libgloss_nano.a(sys_sbrk.o)
 *(.gnu.linkonce.sb.*)
 *(.bss*)
 .bss.cdc_buf   0x00000000200003c4      0x200 ./build/Main.o
                0x00000000200003c4                cdc_buf
 .bss.log_buf   0x00000000200005c4     0x1002 ./build/Main.o
                0x00000000200005c4                log_buf
 *fill*         0x00000000200015c6        0x2 
 .bss.cmd_usb_info_buf
                0x00000000200015c8     0x1000 ./build/usb_cmd.o
                0x00000000200015c8                cmd_usb_info_buf
 *(.gnu.linkonce.b.*)
 *(COMMON*)
                0x00000000200025c8                . = ALIGN (0x4)
                0x00000000200025c8                PROVIDE (_ebss = .)
                [!provide]                        PROVIDE (_end = _ebss)
                [!provide]                        PROVIDE (end = .)

.DMADATA        0x0000000020020000     0x3400 load address 0x0000000000005bd4
                0x0000000020020000                . = ALIGN (0x10)
                0x0000000020020000                PROVIDE (_dmadata_start = .)
 *(.dmadata*)
 *(.dmadata.*)
 *(.DMADATA*)
 .DMADATA       0x0000000020020000      0x200 ./build/tusb_dev_drv_ch56x.o
 .DMADATA       0x0000000020020200     0x3200 ./build/CH56x_usb30_devbulk.o
                0x0000000020020200                endp2RTbuff
                0x0000000020021200                endp1Rbuff
                0x0000000020022200                endp1Tbuff
                0x0000000020023200                endp0RTbuff
                0x0000000020023400                . = ALIGN (0x10)
                0x0000000020023400                PROVIDE (_dmadata_end = .)

.stack          0x0000000020003800      0x800
                0x0000000020003800                . = ALIGN (0x4)
                [!provide]                        PROVIDE (_susrstack = .)
                0x0000000020004000                . = (. + __stack_size)
 *fill*         0x0000000020003800      0x800 
                0x0000000020004000                PROVIDE (_eusrstack = .)
OUTPUT(./build/HydraUSB3_USB.elf elf32-littleriscv)

.comment        0x0000000000000000       0x34
 .comment       0x0000000000000000       0x34 ./build/core_riscv.o
                                         0x35 (size before relaxing)
 .comment       0x0000000000000034       0x35 ./build/CH56x_gpio.o
 .comment       0x0000000000000034       0x35 ./build/CH56x_debug_log.o
 .comment       0x0000000000000034       0x35 ./build/CH56x_sys.o
 .comment       0x0000000000000034       0x35 ./build/CH56x_flash.o
 .comment       0x0000000000000034       0x35 ./build/CH56x_timer.o
 .comment       0x0000000000000034       0x35 ./build/CH56x_bsp.o
 .comment       0x0000000000000034       0x35 ./build/CH56x_clk.o
 .comment       0x0000000000000034       0x35 ./build/CH56x_uart.o
 .comment       0x0000000000000034       0x35 ./build/teeny_usb_retarget.o
 .comment       0x0000000000000034       0x35 ./build/tusbd_cdc.o
 .comment       0x0000000000000034       0x35 ./build/tusb_dev_drv_ch56x.o
 .comment       0x0000000000000034       0x35 ./build/hydrausb3_v1.o
 .comment       0x0000000000000034       0x35 ./build/CH56x_usb30_devbulk.o
 .comment       0x0000000000000034       0x35 ./build/CH56x_usb20_devbulk.o
 .comment       0x0000000000000034       0x35 ./build/CH56x_usb_devbulk_desc_cmd.o
 .comment       0x0000000000000034       0x35 ./build/Main.o
 .comment       0x0000000000000034       0x35 ./build/usb_cmd.o
 .comment       0x0000000000000034       0x35 /media/maddocks/0e5c8f59-b86e-4423-a28c-b3830408c50a5/ch569/Work/riscv-none-elf-gcc-12.2.0-1/linux-arm64/install/riscv-none-elf-gcc-nano/lib/gcc/riscv-none-elf/12.2.0/libgcc.a(_udivdi3.o)
 .comment       0x0000000000000034       0x35 /media/maddocks/0e5c8f59-b86e-4423-a28c-b3830408c50a5/ch569/Work/riscv-none-elf-gcc-12.2.0-1/linux-arm64/install/riscv-none-elf-gcc-nano/lib/gcc/riscv-none-elf/12.2.0/libgcc.a(_clz.o)
 .comment       0x0000000000000034       0x35 /media/maddocks/0e5c8f59-b86e-4423-a28c-b3830408c50a5/ch569/Work/riscv-none-elf-gcc-12.2.0-1/linux-arm64/install/riscv-none-elf-gcc/riscv-none-elf/lib/libc_nano.a(lib_a-errno.o)
 .comment       0x0000000000000034       0x35 /media/maddocks/0e5c8f59-b86e-4423-a28c-b3830408c50a5/ch569/Work/riscv-none-elf-gcc-12.2.0-1/linux-arm64/install/riscv-none-elf-gcc/riscv-none-elf/lib/libc_nano.a(lib_a-impure.o)
 .comment       0x0000000000000034       0x35 /media/maddocks/0e5c8f59-b86e-4423-a28c-b3830408c50a5/ch569/Work/riscv-none-elf-gcc-12.2.0-1/linux-arm64/install/riscv-none-elf-gcc/riscv-none-elf/lib/libc_nano.a(lib_a-nano-freer.o)
 .comment       0x0000000000000034       0x35 /media/maddocks/0e5c8f59-b86e-4423-a28c-b3830408c50a5/ch569/Work/riscv-none-elf-gcc-12.2.0-1/linux-arm64/install/riscv-none-elf-gcc/riscv-none-elf/lib/libc_nano.a(lib_a-nano-mallocr.o)
 .comment       0x0000000000000034       0x35 /media/maddocks/0e5c8f59-b86e-4423-a28c-b3830408c50a5/ch569/Work/riscv-none-elf-gcc-12.2.0-1/linux-arm64/install/riscv-none-elf-gcc/riscv-none-elf/lib/libc_nano.a(lib_a-printf.o)
 .comment       0x0000000000000034       0x35 /media/maddocks/0e5c8f59-b86e-4423-a28c-b3830408c50a5/ch569/Work/riscv-none-elf-gcc-12.2.0-1/linux-arm64/install/riscv-none-elf-gcc/riscv-none-elf/lib/libc_nano.a(lib_a-puts.o)
 .comment       0x0000000000000034       0x35 /media/maddocks/0e5c8f59-b86e-4423-a28c-b3830408c50a5/ch569/Work/riscv-none-elf-gcc-12.2.0-1/linux-arm64/install/riscv-none-elf-gcc/riscv-none-elf/lib/libc_nano.a(lib_a-sbrkr.o)
 .comment       0x0000000000000034       0x35 /media/maddocks/0e5c8f59-b86e-4423-a28c-b3830408c50a5/ch569/Work/riscv-none-elf-gcc-12.2.0-1/linux-arm64/install/riscv-none-elf-gcc/riscv-none-elf/lib/libc_nano.a(lib_a-snprintf.o)
 .comment       0x0000000000000034       0x35 /media/maddocks/0e5c8f59-b86e-4423-a28c-b3830408c50a5/ch569/Work/riscv-none-elf-gcc-12.2.0-1/linux-arm64/install/riscv-none-elf-gcc/riscv-none-elf/lib/libc_nano.a(lib_a-sprintf.o)
 .comment       0x0000000000000034       0x35 /media/maddocks/0e5c8f59-b86e-4423-a28c-b3830408c50a5/ch569/Work/riscv-none-elf-gcc-12.2.0-1/linux-arm64/install/riscv-none-elf-gcc/riscv-none-elf/lib/libc_nano.a(lib_a-vsnprintf.o)
 .comment       0x0000000000000034       0x35 /media/maddocks/0e5c8f59-b86e-4423-a28c-b3830408c50a5/ch569/Work/riscv-none-elf-gcc-12.2.0-1/linux-arm64/install/riscv-none-elf-gcc/riscv-none-elf/lib/libc_nano.a(lib_a-wbuf.o)
 .comment       0x0000000000000034       0x35 /media/maddocks/0e5c8f59-b86e-4423-a28c-b3830408c50a5/ch569/Work/riscv-none-elf-gcc-12.2.0-1/linux-arm64/install/riscv-none-elf-gcc/riscv-none-elf/lib/libc_nano.a(lib_a-wsetup.o)
 .comment       0x0000000000000034       0x35 /media/maddocks/0e5c8f59-b86e-4423-a28c-b3830408c50a5/ch569/Work/riscv-none-elf-gcc-12.2.0-1/linux-arm64/install/riscv-none-elf-gcc/riscv-none-elf/lib/libc_nano.a(lib_a-fflush.o)
 .comment       0x0000000000000034       0x35 /media/maddocks/0e5c8f59-b86e-4423-a28c-b3830408c50a5/ch569/Work/riscv-none-elf-gcc-12.2.0-1/linux-arm64/install/riscv-none-elf-gcc/riscv-none-elf/lib/libc_nano.a(lib_a-findfp.o)
 .comment       0x0000000000000034       0x35 /media/maddocks/0e5c8f59-b86e-4423-a28c-b3830408c50a5/ch569/Work/riscv-none-elf-gcc-12.2.0-1/linux-arm64/install/riscv-none-elf-gcc/riscv-none-elf/lib/libc_nano.a(lib_a-fwalk.o)
 .comment       0x0000000000000034       0x35 /media/maddocks/0e5c8f59-b86e-4423-a28c-b3830408c50a5/ch569/Work/riscv-none-elf-gcc-12.2.0-1/linux-arm64/install/riscv-none-elf-gcc/riscv-none-elf/lib/libc_nano.a(lib_a-lock.o)
 .comment       0x0000000000000034       0x35 /media/maddocks/0e5c8f59-b86e-4423-a28c-b3830408c50a5/ch569/Work/riscv-none-elf-gcc-12.2.0-1/linux-arm64/install/riscv-none-elf-gcc/riscv-none-elf/lib/libc_nano.a(lib_a-makebuf.o)
 .comment       0x0000000000000034       0x35 /media/maddocks/0e5c8f59-b86e-4423-a28c-b3830408c50a5/ch569/Work/riscv-none-elf-gcc-12.2.0-1/linux-arm64/install/riscv-none-elf-gcc/riscv-none-elf/lib/libc_nano.a(lib_a-mlock.o)
 .comment       0x0000000000000034       0x35 /media/maddocks/0e5c8f59-b86e-4423-a28c-b3830408c50a5/ch569/Work/riscv-none-elf-gcc-12.2.0-1/linux-arm64/install/riscv-none-elf-gcc/riscv-none-elf/lib/libc_nano.a(lib_a-nano-svfprintf.o)
 .comment       0x0000000000000034       0x35 /media/maddocks/0e5c8f59-b86e-4423-a28c-b3830408c50a5/ch569/Work/riscv-none-elf-gcc-12.2.0-1/linux-arm64/install/riscv-none-elf-gcc/riscv-none-elf/lib/libc_nano.a(lib_a-nano-vfprintf_i.o)
 .comment       0x0000000000000034       0x35 /media/maddocks/0e5c8f59-b86e-4423-a28c-b3830408c50a5/ch569/Work/riscv-none-elf-gcc-12.2.0-1/linux-arm64/install/riscv-none-elf-gcc/riscv-none-elf/lib/libc_nano.a(lib_a-nano-vfprintf.o)
 .comment       0x0000000000000034       0x35 /media/maddocks/0e5c8f59-b86e-4423-a28c-b3830408c50a5/ch569/Work/riscv-none-elf-gcc-12.2.0-1/linux-arm64/install/riscv-none-elf-gcc/riscv-none-elf/lib/libc_nano.a(lib_a-reent.o)
 .comment       0x0000000000000034       0x35 /media/maddocks/0e5c8f59-b86e-4423-a28c-b3830408c50a5/ch569/Work/riscv-none-elf-gcc-12.2.0-1/linux-arm64/install/riscv-none-elf-gcc/riscv-none-elf/lib/libc_nano.a(lib_a-stdio.o)
 .comment       0x0000000000000034       0x35 /media/maddocks/0e5c8f59-b86e-4423-a28c-b3830408c50a5/ch569/Work/riscv-none-elf-gcc-12.2.0-1/linux-arm64/install/riscv-none-elf-gcc/riscv-none-elf/lib/libc_nano.a(lib_a-writer.o)
 .comment       0x0000000000000034       0x35 /media/maddocks/0e5c8f59-b86e-4423-a28c-b3830408c50a5/ch569/Work/riscv-none-elf-gcc-12.2.0-1/linux-arm64/install/riscv-none-elf-gcc/riscv-none-elf/lib/libc_nano.a(lib_a-closer.o)
 .comment       0x0000000000000034       0x35 /media/maddocks/0e5c8f59-b86e-4423-a28c-b3830408c50a5/ch569/Work/riscv-none-elf-gcc-12.2.0-1/linux-arm64/install/riscv-none-elf-gcc/riscv-none-elf/lib/libc_nano.a(lib_a-fstatr.o)
 .comment       0x0000000000000034       0x35 /media/maddocks/0e5c8f59-b86e-4423-a28c-b3830408c50a5/ch569/Work/riscv-none-elf-gcc-12.2.0-1/linux-arm64/install/riscv-none-elf-gcc/riscv-none-elf/lib/libc_nano.a(lib_a-isattyr.o)
 .comment       0x0000000000000034       0x35 /media/maddocks/0e5c8f59-b86e-4423-a28c-b3830408c50a5/ch569/Work/riscv-none-elf-gcc-12.2.0-1/linux-arm64/install/riscv-none-elf-gcc/riscv-none-elf/lib/libc_nano.a(lib_a-lseekr.o)
 .comment       0x0000000000000034       0x35 /media/maddocks/0e5c8f59-b86e-4423-a28c-b3830408c50a5/ch569/Work/riscv-none-elf-gcc-12.2.0-1/linux-arm64/install/riscv-none-elf-gcc/riscv-none-elf/lib/libc_nano.a(lib_a-memchr.o)
 .comment       0x0000000000000034       0x35 /media/maddocks/0e5c8f59-b86e-4423-a28c-b3830408c50a5/ch569/Work/riscv-none-elf-gcc-12.2.0-1/linux-arm64/install/riscv-none-elf-gcc/riscv-none-elf/lib/libc_nano.a(lib_a-nano-reallocr.o)
 .comment       0x0000000000000034       0x35 /media/maddocks/0e5c8f59-b86e-4423-a28c-b3830408c50a5/ch569/Work/riscv-none-elf-gcc-12.2.0-1/linux-arm64/install/riscv-none-elf-gcc/riscv-none-elf/lib/libc_nano.a(lib_a-readr.o)
 .comment       0x0000000000000034       0x35 /media/maddocks/0e5c8f59-b86e-4423-a28c-b3830408c50a5/ch569/Work/riscv-none-elf-gcc-12.2.0-1/linux-arm64/install/riscv-none-elf-gcc/riscv-none-elf/lib/libc_nano.a(lib_a-nano-msizer.o)
 .comment       0x0000000000000034       0x35 /media/maddocks/0e5c8f59-b86e-4423-a28c-b3830408c50a5/ch569/Work/riscv-none-elf-gcc-12.2.0-1/linux-arm64/install/riscv-none-elf-gcc/riscv-none-elf/lib/libgloss_nano.a(sys_close.o)
 .comment       0x0000000000000034       0x35 /media/maddocks/0e5c8f59-b86e-4423-a28c-b3830408c50a5/ch569/Work/riscv-none-elf-gcc-12.2.0-1/linux-arm64/install/riscv-none-elf-gcc/riscv-none-elf/lib/libgloss_nano.a(sys_fstat.o)
 .comment       0x0000000000000034       0x35 /media/maddocks/0e5c8f59-b86e-4423-a28c-b3830408c50a5/ch569/Work/riscv-none-elf-gcc-12.2.0-1/linux-arm64/install/riscv-none-elf-gcc/riscv-none-elf/lib/libgloss_nano.a(sys_isatty.o)
 .comment       0x0000000000000034       0x35 /media/maddocks/0e5c8f59-b86e-4423-a28c-b3830408c50a5/ch569/Work/riscv-none-elf-gcc-12.2.0-1/linux-arm64/install/riscv-none-elf-gcc/riscv-none-elf/lib/libgloss_nano.a(sys_lseek.o)
 .comment       0x0000000000000034       0x35 /media/maddocks/0e5c8f59-b86e-4423-a28c-b3830408c50a5/ch569/Work/riscv-none-elf-gcc-12.2.0-1/linux-arm64/install/riscv-none-elf-gcc/riscv-none-elf/lib/libgloss_nano.a(sys_read.o)
 .comment       0x0000000000000034       0x35 /media/maddocks/0e5c8f59-b86e-4423-a28c-b3830408c50a5/ch569/Work/riscv-none-elf-gcc-12.2.0-1/linux-arm64/install/riscv-none-elf-gcc/riscv-none-elf/lib/libgloss_nano.a(sys_sbrk.o)
 .comment       0x0000000000000034       0x35 /media/maddocks/0e5c8f59-b86e-4423-a28c-b3830408c50a5/ch569/Work/riscv-none-elf-gcc-12.2.0-1/linux-arm64/install/riscv-none-elf-gcc/riscv-none-elf/lib/libgloss_nano.a(sys_conv_stat.o)

.riscv.attributes
                0x0000000000000000       0x38
 .riscv.attributes
                0x0000000000000000       0x38 ./build/core_riscv.o
 .riscv.attributes
                0x0000000000000038       0x34 ./build/CH56x_gpio.o
 .riscv.attributes
                0x000000000000006c       0x38 ./build/CH56x_debug_log.o
 .riscv.attributes
                0x00000000000000a4       0x34 ./build/CH56x_sys.o
 .riscv.attributes
                0x00000000000000d8       0x34 ./build/CH56x_flash.o
 .riscv.attributes
                0x000000000000010c       0x34 ./build/CH56x_timer.o
 .riscv.attributes
                0x0000000000000140       0x34 ./build/CH56x_bsp.o
 .riscv.attributes
                0x0000000000000174       0x34 ./build/CH56x_clk.o
 .riscv.attributes
                0x00000000000001a8       0x34 ./build/CH56x_uart.o
 .riscv.attributes
                0x00000000000001dc       0x34 ./build/teeny_usb_retarget.o
 .riscv.attributes
                0x0000000000000210       0x34 ./build/tusbd_cdc.o
 .riscv.attributes
                0x0000000000000244       0x34 ./build/tusb_dev_drv_ch56x.o
 .riscv.attributes
                0x0000000000000278       0x34 ./build/hydrausb3_v1.o
 .riscv.attributes
                0x00000000000002ac       0x38 ./build/CH56x_usb30_devbulk.o
 .riscv.attributes
                0x00000000000002e4       0x38 ./build/CH56x_usb20_devbulk.o
 .riscv.attributes
                0x000000000000031c       0x34 ./build/CH56x_usb_devbulk_desc_cmd.o
 .riscv.attributes
                0x0000000000000350       0x38 ./build/Main.o
 .riscv.attributes
                0x0000000000000388       0x34 ./build/usb_cmd.o
 .riscv.attributes
                0x00000000000003bc       0x36 ./build/startup_CH56x.o
 .riscv.attributes
                0x00000000000003f2       0x2b /media/maddocks/0e5c8f59-b86e-4423-a28c-b3830408c50a5/ch569/Work/riscv-none-elf-gcc-12.2.0-1/linux-arm64/install/riscv-none-elf-gcc-nano/lib/gcc/riscv-none-elf/12.2.0/libgcc.a(_udivdi3.o)
 .riscv.attributes
                0x000000000000041d       0x2b /media/maddocks/0e5c8f59-b86e-4423-a28c-b3830408c50a5/ch569/Work/riscv-none-elf-gcc-12.2.0-1/linux-arm64/install/riscv-none-elf-gcc-nano/lib/gcc/riscv-none-elf/12.2.0/libgcc.a(_clz.o)
 .riscv.attributes
                0x0000000000000448       0x2b /media/maddocks/0e5c8f59-b86e-4423-a28c-b3830408c50a5/ch569/Work/riscv-none-elf-gcc-12.2.0-1/linux-arm64/install/riscv-none-elf-gcc/riscv-none-elf/lib/libc_nano.a(lib_a-errno.o)
 .riscv.attributes
                0x0000000000000473       0x2b /media/maddocks/0e5c8f59-b86e-4423-a28c-b3830408c50a5/ch569/Work/riscv-none-elf-gcc-12.2.0-1/linux-arm64/install/riscv-none-elf-gcc/riscv-none-elf/lib/libc_nano.a(lib_a-impure.o)
 .riscv.attributes
                0x000000000000049e       0x29 /media/maddocks/0e5c8f59-b86e-4423-a28c-b3830408c50a5/ch569/Work/riscv-none-elf-gcc-12.2.0-1/linux-arm64/install/riscv-none-elf-gcc/riscv-none-elf/lib/libc_nano.a(lib_a-memcpy-asm.o)
 .riscv.attributes
                0x00000000000004c7       0x29 /media/maddocks/0e5c8f59-b86e-4423-a28c-b3830408c50a5/ch569/Work/riscv-none-elf-gcc-12.2.0-1/linux-arm64/install/riscv-none-elf-gcc/riscv-none-elf/lib/libc_nano.a(lib_a-memset.o)
 .riscv.attributes
                0x00000000000004f0       0x2b /media/maddocks/0e5c8f59-b86e-4423-a28c-b3830408c50a5/ch569/Work/riscv-none-elf-gcc-12.2.0-1/linux-arm64/install/riscv-none-elf-gcc/riscv-none-elf/lib/libc_nano.a(lib_a-nano-freer.o)
 .riscv.attributes
                0x000000000000051b       0x2b /media/maddocks/0e5c8f59-b86e-4423-a28c-b3830408c50a5/ch569/Work/riscv-none-elf-gcc-12.2.0-1/linux-arm64/install/riscv-none-elf-gcc/riscv-none-elf/lib/libc_nano.a(lib_a-nano-mallocr.o)
 .riscv.attributes
                0x0000000000000546       0x2b /media/maddocks/0e5c8f59-b86e-4423-a28c-b3830408c50a5/ch569/Work/riscv-none-elf-gcc-12.2.0-1/linux-arm64/install/riscv-none-elf-gcc/riscv-none-elf/lib/libc_nano.a(lib_a-printf.o)
 .riscv.attributes
                0x0000000000000571       0x2b /media/maddocks/0e5c8f59-b86e-4423-a28c-b3830408c50a5/ch569/Work/riscv-none-elf-gcc-12.2.0-1/linux-arm64/install/riscv-none-elf-gcc/riscv-none-elf/lib/libc_nano.a(lib_a-puts.o)
 .riscv.attributes
                0x000000000000059c       0x2b /media/maddocks/0e5c8f59-b86e-4423-a28c-b3830408c50a5/ch569/Work/riscv-none-elf-gcc-12.2.0-1/linux-arm64/install/riscv-none-elf-gcc/riscv-none-elf/lib/libc_nano.a(lib_a-sbrkr.o)
 .riscv.attributes
                0x00000000000005c7       0x2b /media/maddocks/0e5c8f59-b86e-4423-a28c-b3830408c50a5/ch569/Work/riscv-none-elf-gcc-12.2.0-1/linux-arm64/install/riscv-none-elf-gcc/riscv-none-elf/lib/libc_nano.a(lib_a-snprintf.o)
 .riscv.attributes
                0x00000000000005f2       0x2b /media/maddocks/0e5c8f59-b86e-4423-a28c-b3830408c50a5/ch569/Work/riscv-none-elf-gcc-12.2.0-1/linux-arm64/install/riscv-none-elf-gcc/riscv-none-elf/lib/libc_nano.a(lib_a-sprintf.o)
 .riscv.attributes
                0x000000000000061d       0x2b /media/maddocks/0e5c8f59-b86e-4423-a28c-b3830408c50a5/ch569/Work/riscv-none-elf-gcc-12.2.0-1/linux-arm64/install/riscv-none-elf-gcc/riscv-none-elf/lib/libc_nano.a(lib_a-vsnprintf.o)
 .riscv.attributes
                0x0000000000000648       0x2b /media/maddocks/0e5c8f59-b86e-4423-a28c-b3830408c50a5/ch569/Work/riscv-none-elf-gcc-12.2.0-1/linux-arm64/install/riscv-none-elf-gcc/riscv-none-elf/lib/libc_nano.a(lib_a-wbuf.o)
 .riscv.attributes
                0x0000000000000673       0x2b /media/maddocks/0e5c8f59-b86e-4423-a28c-b3830408c50a5/ch569/Work/riscv-none-elf-gcc-12.2.0-1/linux-arm64/install/riscv-none-elf-gcc/riscv-none-elf/lib/libc_nano.a(lib_a-wsetup.o)
 .riscv.attributes
                0x000000000000069e       0x2b /media/maddocks/0e5c8f59-b86e-4423-a28c-b3830408c50a5/ch569/Work/riscv-none-elf-gcc-12.2.0-1/linux-arm64/install/riscv-none-elf-gcc/riscv-none-elf/lib/libc_nano.a(lib_a-fflush.o)
 .riscv.attributes
                0x00000000000006c9       0x2b /media/maddocks/0e5c8f59-b86e-4423-a28c-b3830408c50a5/ch569/Work/riscv-none-elf-gcc-12.2.0-1/linux-arm64/install/riscv-none-elf-gcc/riscv-none-elf/lib/libc_nano.a(lib_a-findfp.o)
 .riscv.attributes
                0x00000000000006f4       0x2b /media/maddocks/0e5c8f59-b86e-4423-a28c-b3830408c50a5/ch569/Work/riscv-none-elf-gcc-12.2.0-1/linux-arm64/install/riscv-none-elf-gcc/riscv-none-elf/lib/libc_nano.a(lib_a-fwalk.o)
 .riscv.attributes
                0x000000000000071f       0x2b /media/maddocks/0e5c8f59-b86e-4423-a28c-b3830408c50a5/ch569/Work/riscv-none-elf-gcc-12.2.0-1/linux-arm64/install/riscv-none-elf-gcc/riscv-none-elf/lib/libc_nano.a(lib_a-lock.o)
 .riscv.attributes
                0x000000000000074a       0x2b /media/maddocks/0e5c8f59-b86e-4423-a28c-b3830408c50a5/ch569/Work/riscv-none-elf-gcc-12.2.0-1/linux-arm64/install/riscv-none-elf-gcc/riscv-none-elf/lib/libc_nano.a(lib_a-makebuf.o)
 .riscv.attributes
                0x0000000000000775       0x2b /media/maddocks/0e5c8f59-b86e-4423-a28c-b3830408c50a5/ch569/Work/riscv-none-elf-gcc-12.2.0-1/linux-arm64/install/riscv-none-elf-gcc/riscv-none-elf/lib/libc_nano.a(lib_a-mlock.o)
 .riscv.attributes
                0x00000000000007a0       0x2b /media/maddocks/0e5c8f59-b86e-4423-a28c-b3830408c50a5/ch569/Work/riscv-none-elf-gcc-12.2.0-1/linux-arm64/install/riscv-none-elf-gcc/riscv-none-elf/lib/libc_nano.a(lib_a-nano-svfprintf.o)
 .riscv.attributes
                0x00000000000007cb       0x2b /media/maddocks/0e5c8f59-b86e-4423-a28c-b3830408c50a5/ch569/Work/riscv-none-elf-gcc-12.2.0-1/linux-arm64/install/riscv-none-elf-gcc/riscv-none-elf/lib/libc_nano.a(lib_a-nano-vfprintf_i.o)
 .riscv.attributes
                0x00000000000007f6       0x2b /media/maddocks/0e5c8f59-b86e-4423-a28c-b3830408c50a5/ch569/Work/riscv-none-elf-gcc-12.2.0-1/linux-arm64/install/riscv-none-elf-gcc/riscv-none-elf/lib/libc_nano.a(lib_a-nano-vfprintf.o)
 .riscv.attributes
                0x0000000000000821       0x2b /media/maddocks/0e5c8f59-b86e-4423-a28c-b3830408c50a5/ch569/Work/riscv-none-elf-gcc-12.2.0-1/linux-arm64/install/riscv-none-elf-gcc/riscv-none-elf/lib/libc_nano.a(lib_a-reent.o)
 .riscv.attributes
                0x000000000000084c       0x2b /media/maddocks/0e5c8f59-b86e-4423-a28c-b3830408c50a5/ch569/Work/riscv-none-elf-gcc-12.2.0-1/linux-arm64/install/riscv-none-elf-gcc/riscv-none-elf/lib/libc_nano.a(lib_a-stdio.o)
 .riscv.attributes
                0x0000000000000877       0x2b /media/maddocks/0e5c8f59-b86e-4423-a28c-b3830408c50a5/ch569/Work/riscv-none-elf-gcc-12.2.0-1/linux-arm64/install/riscv-none-elf-gcc/riscv-none-elf/lib/libc_nano.a(lib_a-writer.o)
 .riscv.attributes
                0x00000000000008a2       0x2b /media/maddocks/0e5c8f59-b86e-4423-a28c-b3830408c50a5/ch569/Work/riscv-none-elf-gcc-12.2.0-1/linux-arm64/install/riscv-none-elf-gcc/riscv-none-elf/lib/libc_nano.a(lib_a-closer.o)
 .riscv.attributes
                0x00000000000008cd       0x2b /media/maddocks/0e5c8f59-b86e-4423-a28c-b3830408c50a5/ch569/Work/riscv-none-elf-gcc-12.2.0-1/linux-arm64/install/riscv-none-elf-gcc/riscv-none-elf/lib/libc_nano.a(lib_a-fstatr.o)
 .riscv.attributes
                0x00000000000008f8       0x2b /media/maddocks/0e5c8f59-b86e-4423-a28c-b3830408c50a5/ch569/Work/riscv-none-elf-gcc-12.2.0-1/linux-arm64/install/riscv-none-elf-gcc/riscv-none-elf/lib/libc_nano.a(lib_a-isattyr.o)
 .riscv.attributes
                0x0000000000000923       0x2b /media/maddocks/0e5c8f59-b86e-4423-a28c-b3830408c50a5/ch569/Work/riscv-none-elf-gcc-12.2.0-1/linux-arm64/install/riscv-none-elf-gcc/riscv-none-elf/lib/libc_nano.a(lib_a-lseekr.o)
 .riscv.attributes
                0x000000000000094e       0x2b /media/maddocks/0e5c8f59-b86e-4423-a28c-b3830408c50a5/ch569/Work/riscv-none-elf-gcc-12.2.0-1/linux-arm64/install/riscv-none-elf-gcc/riscv-none-elf/lib/libc_nano.a(lib_a-memchr.o)
 .riscv.attributes
                0x0000000000000979       0x29 /media/maddocks/0e5c8f59-b86e-4423-a28c-b3830408c50a5/ch569/Work/riscv-none-elf-gcc-12.2.0-1/linux-arm64/install/riscv-none-elf-gcc/riscv-none-elf/lib/libc_nano.a(lib_a-memmove.o)
 .riscv.attributes
                0x00000000000009a2       0x2b /media/maddocks/0e5c8f59-b86e-4423-a28c-b3830408c50a5/ch569/Work/riscv-none-elf-gcc-12.2.0-1/linux-arm64/install/riscv-none-elf-gcc/riscv-none-elf/lib/libc_nano.a(lib_a-nano-reallocr.o)
 .riscv.attributes
                0x00000000000009cd       0x2b /media/maddocks/0e5c8f59-b86e-4423-a28c-b3830408c50a5/ch569/Work/riscv-none-elf-gcc-12.2.0-1/linux-arm64/install/riscv-none-elf-gcc/riscv-none-elf/lib/libc_nano.a(lib_a-readr.o)
 .riscv.attributes
                0x00000000000009f8       0x2b /media/maddocks/0e5c8f59-b86e-4423-a28c-b3830408c50a5/ch569/Work/riscv-none-elf-gcc-12.2.0-1/linux-arm64/install/riscv-none-elf-gcc/riscv-none-elf/lib/libc_nano.a(lib_a-nano-msizer.o)
 .riscv.attributes
                0x0000000000000a23       0x2b /media/maddocks/0e5c8f59-b86e-4423-a28c-b3830408c50a5/ch569/Work/riscv-none-elf-gcc-12.2.0-1/linux-arm64/install/riscv-none-elf-gcc/riscv-none-elf/lib/libgloss_nano.a(sys_close.o)
 .riscv.attributes
                0x0000000000000a4e       0x2b /media/maddocks/0e5c8f59-b86e-4423-a28c-b3830408c50a5/ch569/Work/riscv-none-elf-gcc-12.2.0-1/linux-arm64/install/riscv-none-elf-gcc/riscv-none-elf/lib/libgloss_nano.a(sys_fstat.o)
 .riscv.attributes
                0x0000000000000a79       0x2b /media/maddocks/0e5c8f59-b86e-4423-a28c-b3830408c50a5/ch569/Work/riscv-none-elf-gcc-12.2.0-1/linux-arm64/install/riscv-none-elf-gcc/riscv-none-elf/lib/libgloss_nano.a(sys_isatty.o)
 .riscv.attributes
                0x0000000000000aa4       0x2b /media/maddocks/0e5c8f59-b86e-4423-a28c-b3830408c50a5/ch569/Work/riscv-none-elf-gcc-12.2.0-1/linux-arm64/install/riscv-none-elf-gcc/riscv-none-elf/lib/libgloss_nano.a(sys_lseek.o)
 .riscv.attributes
                0x0000000000000acf       0x2b /media/maddocks/0e5c8f59-b86e-4423-a28c-b3830408c50a5/ch569/Work/riscv-none-elf-gcc-12.2.0-1/linux-arm64/install/riscv-none-elf-gcc/riscv-none-elf/lib/libgloss_nano.a(sys_read.o)
 .riscv.attributes
                0x0000000000000afa       0x2b /media/maddocks/0e5c8f59-b86e-4423-a28c-b3830408c50a5/ch569/Work/riscv-none-elf-gcc-12.2.0-1/linux-arm64/install/riscv-none-elf-gcc/riscv-none-elf/lib/libgloss_nano.a(sys_sbrk.o)
 .riscv.attributes
                0x0000000000000b25       0x2b /media/maddocks/0e5c8f59-b86e-4423-a28c-b3830408c50a5/ch569/Work/riscv-none-elf-gcc-12.2.0-1/linux-arm64/install/riscv-none-elf-gcc/riscv-none-elf/lib/libgloss_nano.a(sys_conv_stat.o)

.debug_info     0x0000000000000000      0x839
 .debug_info    0x0000000000000000      0x761 /media/maddocks/0e5c8f59-b86e-4423-a28c-b3830408c50a5/ch569/Work/riscv-none-elf-gcc-12.2.0-1/linux-arm64/install/riscv-none-elf-gcc-nano/lib/gcc/riscv-none-elf/12.2.0/libgcc.a(_udivdi3.o)
 .debug_info    0x0000000000000761       0xd8 /media/maddocks/0e5c8f59-b86e-4423-a28c-b3830408c50a5/ch569/Work/riscv-none-elf-gcc-12.2.0-1/linux-arm64/install/riscv-none-elf-gcc-nano/lib/gcc/riscv-none-elf/12.2.0/libgcc.a(_clz.o)

.debug_abbrev   0x0000000000000000      0x216
 .debug_abbrev  0x0000000000000000      0x1a6 /media/maddocks/0e5c8f59-b86e-4423-a28c-b3830408c50a5/ch569/Work/riscv-none-elf-gcc-12.2.0-1/linux-arm64/install/riscv-none-elf-gcc-nano/lib/gcc/riscv-none-elf/12.2.0/libgcc.a(_udivdi3.o)
 .debug_abbrev  0x00000000000001a6       0x70 /media/maddocks/0e5c8f59-b86e-4423-a28c-b3830408c50a5/ch569/Work/riscv-none-elf-gcc-12.2.0-1/linux-arm64/install/riscv-none-elf-gcc-nano/lib/gcc/riscv-none-elf/12.2.0/libgcc.a(_clz.o)

.debug_loclists
                0x0000000000000000      0xa4c
 .debug_loclists
                0x0000000000000000      0xa4c /media/maddocks/0e5c8f59-b86e-4423-a28c-b3830408c50a5/ch569/Work/riscv-none-elf-gcc-12.2.0-1/linux-arm64/install/riscv-none-elf-gcc-nano/lib/gcc/riscv-none-elf/12.2.0/libgcc.a(_udivdi3.o)

.debug_aranges  0x0000000000000000       0x38
 .debug_aranges
                0x0000000000000000       0x20 /media/maddocks/0e5c8f59-b86e-4423-a28c-b3830408c50a5/ch569/Work/riscv-none-elf-gcc-12.2.0-1/linux-arm64/install/riscv-none-elf-gcc-nano/lib/gcc/riscv-none-elf/12.2.0/libgcc.a(_udivdi3.o)
 .debug_aranges
                0x0000000000000020       0x18 /media/maddocks/0e5c8f59-b86e-4423-a28c-b3830408c50a5/ch569/Work/riscv-none-elf-gcc-12.2.0-1/linux-arm64/install/riscv-none-elf-gcc-nano/lib/gcc/riscv-none-elf/12.2.0/libgcc.a(_clz.o)

.debug_rnglists
                0x0000000000000000      0x11b
 .debug_rnglists
                0x0000000000000000      0x11b /media/maddocks/0e5c8f59-b86e-4423-a28c-b3830408c50a5/ch569/Work/riscv-none-elf-gcc-12.2.0-1/linux-arm64/install/riscv-none-elf-gcc-nano/lib/gcc/riscv-none-elf/12.2.0/libgcc.a(_udivdi3.o)

.debug_line     0x0000000000000000      0x752
 .debug_line    0x0000000000000000      0x713 /media/maddocks/0e5c8f59-b86e-4423-a28c-b3830408c50a5/ch569/Work/riscv-none-elf-gcc-12.2.0-1/linux-arm64/install/riscv-none-elf-gcc-nano/lib/gcc/riscv-none-elf/12.2.0/libgcc.a(_udivdi3.o)
 .debug_line    0x0000000000000713       0x3f /media/maddocks/0e5c8f59-b86e-4423-a28c-b3830408c50a5/ch569/Work/riscv-none-elf-gcc-12.2.0-1/linux-arm64/install/riscv-none-elf-gcc-nano/lib/gcc/riscv-none-elf/12.2.0/libgcc.a(_clz.o)

.debug_str      0x0000000000000000      0x2f2
 .debug_str     0x0000000000000000      0x215 /media/maddocks/0e5c8f59-b86e-4423-a28c-b3830408c50a5/ch569/Work/riscv-none-elf-gcc-12.2.0-1/linux-arm64/install/riscv-none-elf-gcc-nano/lib/gcc/riscv-none-elf/12.2.0/libgcc.a(_udivdi3.o)
                                        0x275 (size before relaxing)
 .debug_str     0x0000000000000215       0xdd /media/maddocks/0e5c8f59-b86e-4423-a28c-b3830408c50a5/ch569/Work/riscv-none-elf-gcc-12.2.0-1/linux-arm64/install/riscv-none-elf-gcc-nano/lib/gcc/riscv-none-elf/12.2.0/libgcc.a(_clz.o)
                                        0x1c2 (size before relaxing)

.debug_line_str
                0x0000000000000000      0x1b5
 .debug_line_str
                0x0000000000000000      0x1b5 /media/maddocks/0e5c8f59-b86e-4423-a28c-b3830408c50a5/ch569/Work/riscv-none-elf-gcc-12.2.0-1/linux-arm64/install/riscv-none-elf-gcc-nano/lib/gcc/riscv-none-elf/12.2.0/libgcc.a(_udivdi3.o)
                                        0x264 (size before relaxing)
 .debug_line_str
                0x00000000000001b5      0x264 /media/maddocks/0e5c8f59-b86e-4423-a28c-b3830408c50a5/ch569/Work/riscv-none-elf-gcc-12.2.0-1/linux-arm64/install/riscv-none-elf-gcc-nano/lib/gcc/riscv-none-elf/12.2.0/libgcc.a(_clz.o)
