Archive member included to satisfy reference by file (symbol)

/media/maddocks/0e5c8f59-b86e-4423-a28c-b3830408c50a5/ch569/Work/riscv-none-elf-gcc-12.2.0-1/linux-arm64/install/riscv-none-elf-gcc-nano/lib/gcc/riscv-none-elf/12.2.0/libgcc.a(_udivdi3.o)
                              ./build/CH56x_debug_log.o (__udivdi3)
/media/maddocks/0e5c8f59-b86e-4423-a28c-b3830408c50a5/ch569/Work/riscv-none-elf-gcc-12.2.0-1/linux-arm64/install/riscv-none-elf-gcc-nano/lib/gcc/riscv-none-elf/12.2.0/libgcc.a(_clz.o)
                              /media/maddocks/0e5c8f59-b86e-4423-a28c-b3830408c50a5/ch569/Work/riscv-none-elf-gcc-12.2.0-1/linux-arm64/install/riscv-none-elf-gcc-nano/lib/gcc/riscv-none-elf/12.2.0/libgcc.a(_udivdi3.o) (__clz_tab)
/media/maddocks/0e5c8f59-b86e-4423-a28c-b3830408c50a5/ch569/Work/riscv-none-elf-gcc-12.2.0-1/linux-arm64/install/riscv-none-elf-gcc/riscv-none-elf/lib/libc_nano.a(lib_a-memcpy-asm.o)
                              ./build/CH56x_debug_log.o (memcpy)
/media/maddocks/0e5c8f59-b86e-4423-a28c-b3830408c50a5/ch569/Work/riscv-none-elf-gcc-12.2.0-1/linux-arm64/install/riscv-none-elf-gcc/riscv-none-elf/lib/libc_nano.a(lib_a-memset.o)
                              ./build/CH56x_usb30_devbulk.o (memset)
/media/maddocks/0e5c8f59-b86e-4423-a28c-b3830408c50a5/ch569/Work/riscv-none-elf-gcc-12.2.0-1/linux-arm64/install/riscv-none-elf-gcc/riscv-none-elf/lib/libc_nano.a(lib_a-snprintf.o)
                              ./build/usb_cmd.o (snprintf)
/media/maddocks/0e5c8f59-b86e-4423-a28c-b3830408c50a5/ch569/Work/riscv-none-elf-gcc-12.2.0-1/linux-arm64/install/riscv-none-elf-gcc/riscv-none-elf/lib/libc_nano.a(lib_a-sprintf.o)
                              ./build/CH56x_debug_log.o (sprintf)
/media/maddocks/0e5c8f59-b86e-4423-a28c-b3830408c50a5/ch569/Work/riscv-none-elf-gcc-12.2.0-1/linux-arm64/install/riscv-none-elf-gcc/riscv-none-elf/lib/libc_nano.a(lib_a-vsnprintf.o)
                              ./build/CH56x_debug_log.o (vsnprintf)
/media/maddocks/0e5c8f59-b86e-4423-a28c-b3830408c50a5/ch569/Work/riscv-none-elf-gcc-12.2.0-1/linux-arm64/install/riscv-none-elf-gcc/riscv-none-elf/lib/libc_nano.a(lib_a-impure.o)
                              /media/maddocks/0e5c8f59-b86e-4423-a28c-b3830408c50a5/ch569/Work/riscv-none-elf-gcc-12.2.0-1/linux-arm64/install/riscv-none-elf-gcc/riscv-none-elf/lib/libc_nano.a(lib_a-snprintf.o) (_impure_ptr)
/media/maddocks/0e5c8f59-b86e-4423-a28c-b3830408c50a5/ch569/Work/riscv-none-elf-gcc-12.2.0-1/linux-arm64/install/riscv-none-elf-gcc/riscv-none-elf/lib/libc_nano.a(lib_a-nano-svfprintf.o)
                              /media/maddocks/0e5c8f59-b86e-4423-a28c-b3830408c50a5/ch569/Work/riscv-none-elf-gcc-12.2.0-1/linux-arm64/install/riscv-none-elf-gcc/riscv-none-elf/lib/libc_nano.a(lib_a-snprintf.o) (_svfprintf_r)
/media/maddocks/0e5c8f59-b86e-4423-a28c-b3830408c50a5/ch569/Work/riscv-none-elf-gcc-12.2.0-1/linux-arm64/install/riscv-none-elf-gcc/riscv-none-elf/lib/libc_nano.a(lib_a-nano-vfprintf_i.o)
                              /media/maddocks/0e5c8f59-b86e-4423-a28c-b3830408c50a5/ch569/Work/riscv-none-elf-gcc-12.2.0-1/linux-arm64/install/riscv-none-elf-gcc/riscv-none-elf/lib/libc_nano.a(lib_a-nano-svfprintf.o) (_printf_i)
/media/maddocks/0e5c8f59-b86e-4423-a28c-b3830408c50a5/ch569/Work/riscv-none-elf-gcc-12.2.0-1/linux-arm64/install/riscv-none-elf-gcc/riscv-none-elf/lib/libc_nano.a(lib_a-memchr.o)
                              /media/maddocks/0e5c8f59-b86e-4423-a28c-b3830408c50a5/ch569/Work/riscv-none-elf-gcc-12.2.0-1/linux-arm64/install/riscv-none-elf-gcc/riscv-none-elf/lib/libc_nano.a(lib_a-nano-svfprintf.o) (memchr)
/media/maddocks/0e5c8f59-b86e-4423-a28c-b3830408c50a5/ch569/Work/riscv-none-elf-gcc-12.2.0-1/linux-arm64/install/riscv-none-elf-gcc/riscv-none-elf/lib/libc_nano.a(lib_a-memmove.o)
                              /media/maddocks/0e5c8f59-b86e-4423-a28c-b3830408c50a5/ch569/Work/riscv-none-elf-gcc-12.2.0-1/linux-arm64/install/riscv-none-elf-gcc/riscv-none-elf/lib/libc_nano.a(lib_a-nano-svfprintf.o) (memmove)
/media/maddocks/0e5c8f59-b86e-4423-a28c-b3830408c50a5/ch569/Work/riscv-none-elf-gcc-12.2.0-1/linux-arm64/install/riscv-none-elf-gcc/riscv-none-elf/lib/libc_nano.a(lib_a-nano-freer.o)
                              /media/maddocks/0e5c8f59-b86e-4423-a28c-b3830408c50a5/ch569/Work/riscv-none-elf-gcc-12.2.0-1/linux-arm64/install/riscv-none-elf-gcc/riscv-none-elf/lib/libc_nano.a(lib_a-nano-svfprintf.o) (_free_r)
/media/maddocks/0e5c8f59-b86e-4423-a28c-b3830408c50a5/ch569/Work/riscv-none-elf-gcc-12.2.0-1/linux-arm64/install/riscv-none-elf-gcc/riscv-none-elf/lib/libc_nano.a(lib_a-nano-mallocr.o)
                              /media/maddocks/0e5c8f59-b86e-4423-a28c-b3830408c50a5/ch569/Work/riscv-none-elf-gcc-12.2.0-1/linux-arm64/install/riscv-none-elf-gcc/riscv-none-elf/lib/libc_nano.a(lib_a-nano-svfprintf.o) (_malloc_r)
[...]
Memory Configuration

Name             Origin             Length             Attributes
FLASH            0x0000000000000000 0x0000000000070000 xr
RAM              0x0000000020000000 0x0000000000003800 xrw
STACK            0x000000001ffff800 0x0000000000000800 xrw
RAMX             0x0000000020020000 0x0000000000008000 xrw
*default*        0x0000000000000000 0xffffffffffffffff

Linker script and memory map

LOAD ./build/core_riscv.o
LOAD ./build/CH56x_spi.o
LOAD ./build/CH56x_gpio.o
LOAD ./build/CH56x_dvp.o
LOAD ./build/CH56x_bus8.o
LOAD ./build/CH56x_pwm.o
LOAD ./build/CH56x_ecdc.o
LOAD ./build/CH56x_emmc.o
LOAD ./build/CH56x_debug_log.o
LOAD ./build/CH56x_sys.o
LOAD ./build/CH56x_pwr.o
LOAD ./build/CH56x_serdes.o
LOAD ./build/CH56x_hspi.o
LOAD ./build/CH56x_flash.o
LOAD ./build/CH56x_timer.o
LOAD ./build/CH56x_bsp.o
LOAD ./build/CH56x_clk.o
LOAD ./build/CH56x_uart.o
LOAD ./build/hydrausb3_v1.o
LOAD ./build/CH56x_usb30_devbulk.o
LOAD ./build/CH56x_usb20_devbulk.o
LOAD ./build/CH56x_usb_devbulk_desc_cmd.o
LOAD ./build/Main.o
LOAD ./build/usb_cmd.o
LOAD ./build/startup_CH56x.o
LOAD /media/maddocks/0e5c8f59-b86e-4423-a28c-b3830408c50a5/ch569/Work/riscv-none-elf-gcc-12.2.0-1/linux-arm64/install/riscv-none-elf-gcc-nano/lib/gcc/riscv-none-elf/12.2.0/libgcc.a
LOAD /media/maddocks/0e5c8f59-b86e-4423-a28c-b3830408c50a5/ch569/Work/riscv-none-elf-gcc-12.2.0-1/linux-arm64/install/riscv-none-elf-gcc/riscv-none-elf/lib/libc_nano.a
LOAD /media/maddocks/0e5c8f59-b86e-4423-a28c-b3830408c50a5/ch569/Work/riscv-none-elf-gcc-12.2.0-1/linux-arm64/install/riscv-none-elf-gcc-nano/lib/gcc/riscv-none-elf/12.2.0/libgcc.a
START GROUP
LOAD /media/maddocks/0e5c8f59-b86e-4423-a28c-b3830408c50a5/ch569/Work/riscv-none-elf-gcc-12.2.0-1/linux-arm64/install/riscv-none-elf-gcc-nano/lib/gcc/riscv-none-elf/12.2.0/libgcc.a
LOAD /media/maddocks/0e5c8f59-b86e-4423-a28c-b3830408c50a5/ch569/Work/riscv-none-elf-gcc-12.2.0-1/linux-arm64/install/riscv-none-elf-gcc/riscv-none-elf/lib/libc_nano.a
LOAD /media/maddocks/0e5c8f59-b86e-4423-a28c-b3830408c50a5/ch569/Work/riscv-none-elf-gcc-12.2.0-1/linux-arm64/install/riscv-none-elf-gcc/riscv-none-elf/lib/libgloss_nano.a
END GROUP
                0x0000000000000800                __stack_size = 0x800
                0x0000000000000800                PROVIDE (_stack_size = __stack_size)

.init           0x0000000000000000        0x4
                0x0000000000000000                _sinit = .
                0x0000000000000000                . = ALIGN (0x4)
 *(SORT_NONE(.init))
 .init          0x0000000000000000        0x4 ./build/startup_CH56x.o
                0x0000000000000000                _start
                0x0000000000000004                . = ALIGN (0x4)
                0x0000000000000004                _einit = .

.vector         0x0000000000000004       0xbc
 *(.vector)
 .vector        0x0000000000000004       0x94 ./build/startup_CH56x.o
                0x00000000000000c0                . = ALIGN (0x40)
 *fill*         0x0000000000000098       0x28 

.text           0x00000000000000c0     0x3480
                0x00000000000000c0                . = ALIGN (0x4)
 *(.text)
 .text          0x00000000000000c0       0x16 /media/maddocks/0e5c8f59-b86e-4423-a28c-b3830408c50a5/ch569/Work/riscv-none-elf-gcc-12.2.0-1/linux-arm64/install/riscv-none-elf-gcc/riscv-none-elf/lib/libc_nano.a(lib_a-memcpy-asm.o)
                0x00000000000000c0                memcpy
 .text          0x00000000000000d6       0x10 /media/maddocks/0e5c8f59-b86e-4423-a28c-b3830408c50a5/ch569/Work/riscv-none-elf-gcc-12.2.0-1/linux-arm64/install/riscv-none-elf-gcc/riscv-none-elf/lib/libc_nano.a(lib_a-memset.o)
                0x00000000000000d6                memset
 .text          0x00000000000000e6       0x26 /media/maddocks/0e5c8f59-b86e-4423-a28c-b3830408c50a5/ch569/Work/riscv-none-elf-gcc-12.2.0-1/linux-arm64/install/riscv-none-elf-gcc/riscv-none-elf/lib/libc_nano.a(lib_a-memmove.o)
                0x00000000000000e6                memmove
 *(.text.*)
 .text.GPIOA_ModeCfg
                0x000000000000010c      0x11c ./build/CH56x_gpio.o
                0x000000000000010c                GPIOA_ModeCfg
 .text.GPIOB_ModeCfg
                0x0000000000000228      0x11c ./build/CH56x_gpio.o
                0x0000000000000228                GPIOB_ModeCfg
 .text.Delay_Init
                0x0000000000000344        0x2 ./build/CH56x_sys.o
                0x0000000000000344                Delay_Init
 .text.SYS_ResetExecute
                0x0000000000000346       0x26 ./build/CH56x_sys.o
                0x0000000000000346                SYS_ResetExecute
 .text.FLASH_ROMA_READ
                0x000000000000036c      0x11a ./build/CH56x_flash.o
                0x000000000000036c                FLASH_ROMA_READ
 .text.TMR0_TimerInit
                0x0000000000000486       0x14 ./build/CH56x_timer.o
                0x0000000000000486                TMR0_TimerInit
 .text.bsp_init
                0x000000000000049a       0x52 ./build/CH56x_bsp.o
                0x000000000000049a                bsp_init
 .text.bsp_wait_us_delay
                0x00000000000004ec       0x6e ./build/CH56x_bsp.o
                0x00000000000004ec                bsp_wait_us_delay
 .text.bsp_wait_ms_delay
                0x000000000000055a       0x6e ./build/CH56x_bsp.o
                0x000000000000055a                bsp_wait_ms_delay
 .text.SystemInit
                0x00000000000005c8      0x18a ./build/CH56x_clk.o
                0x00000000000005c8                SystemInit
 .text.GetSysClock
                0x0000000000000752       0x4e ./build/CH56x_clk.o
                0x0000000000000752                GetSysClock
 .text.UART2_DefInit
                0x00000000000007a0       0x2a ./build/CH56x_uart.o
                0x00000000000007a0                UART2_DefInit
 .text.UART2_ByteTrigCfg
                0x00000000000007ca       0x1a ./build/CH56x_uart.o
                0x00000000000007ca                UART2_ByteTrigCfg
 .text.UART2_INTCfg
                0x00000000000007e4       0x32 ./build/CH56x_uart.o
                0x00000000000007e4                UART2_INTCfg
 .text.UART2_RecvString
                0x0000000000000816       0x32 ./build/CH56x_uart.o
                0x0000000000000816                UART2_RecvString
 .text.bsp_gpio_init
                0x0000000000000848       0x54 ./build/hydrausb3_v1.o
                0x0000000000000848                bsp_gpio_init
 .text.USB3_force
                0x000000000000089c      0x154 ./build/CH56x_usb30_devbulk.o
                0x000000000000089c                USB3_force
 .text.USB30_BusReset
                0x00000000000009f0      0x144 ./build/CH56x_usb30_devbulk.o
                0x00000000000009f0                USB30_BusReset
 .text.USB30D_init
                0x0000000000000b34      0x144 ./build/CH56x_usb30_devbulk.o
                0x0000000000000b34                USB30D_init
 .text.USB30_NonStandardReq
                0x0000000000000c78      0x146 ./build/CH56x_usb30_devbulk.o
                0x0000000000000c78                USB30_NonStandardReq
 .text.USB30_StandardReq
                0x0000000000000dbe      0x19a ./build/CH56x_usb30_devbulk.o
                0x0000000000000dbe                USB30_StandardReq
 .text.TMR0_IRQHandler
                0x0000000000000f58      0x110 ./build/CH56x_usb30_devbulk.o
                0x0000000000000f58                TMR0_IRQHandler
 .text.LINK_IRQHandler
                0x0000000000001068      0x30a ./build/CH56x_usb30_devbulk.o
                0x0000000000001068                LINK_IRQHandler
 .text.USBSS_IRQHandler
                0x0000000000001372      0x430 ./build/CH56x_usb30_devbulk.o
                0x0000000000001372                USBSS_IRQHandler
 .text.USB2_force
                0x00000000000017a2      0x11c ./build/CH56x_usb20_devbulk.o
                0x00000000000017a2                USB2_force
 .text.USB20_Endp_Init
                0x00000000000018be       0xbc ./build/CH56x_usb20_devbulk.o
                0x00000000000018be                USB20_Endp_Init
 .text.USB20_Device_Init
                0x000000000000197a       0xda ./build/CH56x_usb20_devbulk.o
                0x000000000000197a                USB20_Device_Init
 .text.U20_NonStandard_Request
                0x0000000000001a54      0x15e ./build/CH56x_usb20_devbulk.o
                0x0000000000001a54                U20_NonStandard_Request
 .text.U20_Standard_Request
                0x0000000000001bb2      0x3b8 ./build/CH56x_usb20_devbulk.o
                0x0000000000001bb2                U20_Standard_Request
 .text.USBHS_IRQHandler
                0x0000000000001f6a      0x39c ./build/CH56x_usb20_devbulk.o
                0x0000000000001f6a                USBHS_IRQHandler
 .text.usb_descriptor_set_usb_vid_pid
                0x0000000000002306       0x52 ./build/CH56x_usb_devbulk_desc_cmd.o
                0x0000000000002306                usb_descriptor_set_usb_vid_pid
 .text.usb_descriptor_set_string_serial_number
                0x0000000000002358      0x100 ./build/CH56x_usb_devbulk_desc_cmd.o
                0x0000000000002358                usb_descriptor_set_string_serial_number
 .text.startup.main
                0x0000000000002458       0xfe ./build/Main.o
                0x0000000000002458                main
 .text.UART2_IRQHandler
                0x0000000000002556       0xf6 ./build/Main.o
                0x0000000000002556                UART2_IRQHandler
 .text.usb_cmd_rx
                0x000000000000264c       0xc6 ./build/usb_cmd.o
                0x000000000000264c                usb_cmd_rx
 .text.vector_handler
                0x0000000000002712       0x32 ./build/startup_CH56x.o
                0x0000000000002712                NMI_Handler
                0x0000000000002714                HardFault_Handler
                0x0000000000002716                SysTick_Handler
                0x0000000000002718                SW_Handler
                0x000000000000271a                WDOG_IRQHandler
                0x000000000000271e                GPIO_IRQHandler
                0x0000000000002720                SPI0_IRQHandler
                0x0000000000002726                TMR1_IRQHandler
                0x0000000000002728                TMR2_IRQHandler
                0x000000000000272a                UART0_IRQHandler
                0x000000000000272e                EMMC_IRQHandler
                0x0000000000002730                DVP_IRQHandler
                0x0000000000002732                HSPI_IRQHandler
                0x0000000000002734                SPI1_IRQHandler
                0x0000000000002736                UART1_IRQHandler
                0x000000000000273a                UART3_IRQHandler
                0x000000000000273c                SERDES_IRQHandler
                0x000000000000273e                ETH_IRQHandler
                0x0000000000002740                PMT_IRQHandler
                0x0000000000002742                ECDC_IRQHandler
 .text.handle_reset
                0x0000000000002744       0x92 ./build/startup_CH56x.o
                0x0000000000002744                handle_reset
 .text.snprintf
                0x00000000000027d6       0x6e /media/maddocks/0e5c8f59-b86e-4423-a28c-b3830408c50a5/ch569/Work/riscv-none-elf-gcc-12.2.0-1/linux-arm64/install/riscv-none-elf-gcc/riscv-none-elf/lib/libc_nano.a(lib_a-snprintf.o)
                0x00000000000027d6                snprintf
                0x00000000000027d6                sniprintf
 .text.__ssputs_r
                0x0000000000002844       0xea /media/maddocks/0e5c8f59-b86e-4423-a28c-b3830408c50a5/ch569/Work/riscv-none-elf-gcc-12.2.0-1/linux-arm64/install/riscv-none-elf-gcc/riscv-none-elf/lib/libc_nano.a(lib_a-nano-svfprintf.o)
                0x0000000000002844                __ssputs_r
 .text._svfprintf_r
                0x000000000000292e      0x26c /media/maddocks/0e5c8f59-b86e-4423-a28c-b3830408c50a5/ch569/Work/riscv-none-elf-gcc-12.2.0-1/linux-arm64/install/riscv-none-elf-gcc/riscv-none-elf/lib/libc_nano.a(lib_a-nano-svfprintf.o)
                0x000000000000292e                _svfprintf_r
                0x000000000000292e                _svfiprintf_r
 .text._printf_common
                0x0000000000002b9a      0x110 /media/maddocks/0e5c8f59-b86e-4423-a28c-b3830408c50a5/ch569/Work/riscv-none-elf-gcc-12.2.0-1/linux-arm64/install/riscv-none-elf-gcc/riscv-none-elf/lib/libc_nano.a(lib_a-nano-vfprintf_i.o)
                0x0000000000002b9a                _printf_common
 .text._printf_i
                0x0000000000002caa      0x282 /media/maddocks/0e5c8f59-b86e-4423-a28c-b3830408c50a5/ch569/Work/riscv-none-elf-gcc-12.2.0-1/linux-arm64/install/riscv-none-elf-gcc/riscv-none-elf/lib/libc_nano.a(lib_a-nano-vfprintf_i.o)
                0x0000000000002caa                _printf_i
 .text.memchr   0x0000000000002f2c       0x1a /media/maddocks/0e5c8f59-b86e-4423-a28c-b3830408c50a5/ch569/Work/riscv-none-elf-gcc-12.2.0-1/linux-arm64/install/riscv-none-elf-gcc/riscv-none-elf/lib/libc_nano.a(lib_a-memchr.o)
                0x0000000000002f2c                memchr
 .text._free_r  0x0000000000002f46       0x9e /media/maddocks/0e5c8f59-b86e-4423-a28c-b3830408c50a5/ch569/Work/riscv-none-elf-gcc-12.2.0-1/linux-arm64/install/riscv-none-elf-gcc/riscv-none-elf/lib/libc_nano.a(lib_a-nano-freer.o)
                0x0000000000002f46                _free_r
 .text.sbrk_aligned
                0x0000000000002fe4       0x54 /media/maddocks/0e5c8f59-b86e-4423-a28c-b3830408c50a5/ch569/Work/riscv-none-elf-gcc-12.2.0-1/linux-arm64/install/riscv-none-elf-gcc/riscv-none-elf/lib/libc_nano.a(lib_a-nano-mallocr.o)
 .text._malloc_r
                0x0000000000003038      0x108 /media/maddocks/0e5c8f59-b86e-4423-a28c-b3830408c50a5/ch569/Work/riscv-none-elf-gcc-12.2.0-1/linux-arm64/install/riscv-none-elf-gcc/riscv-none-elf/lib/libc_nano.a(lib_a-nano-mallocr.o)
                0x0000000000003038                _malloc_r
 .text._realloc_r
                0x0000000000003140       0x74 /media/maddocks/0e5c8f59-b86e-4423-a28c-b3830408c50a5/ch569/Work/riscv-none-elf-gcc-12.2.0-1/linux-arm64/install/riscv-none-elf-gcc/riscv-none-elf/lib/libc_nano.a(lib_a-nano-reallocr.o)
                0x0000000000003140                _realloc_r
 .text._sbrk_r  0x00000000000031b4       0x26 /media/maddocks/0e5c8f59-b86e-4423-a28c-b3830408c50a5/ch569/Work/riscv-none-elf-gcc-12.2.0-1/linux-arm64/install/riscv-none-elf-gcc/riscv-none-elf/lib/libc_nano.a(lib_a-sbrkr.o)
                0x00000000000031b4                _sbrk_r
 .text.__malloc_lock
                0x00000000000031da        0x6 /media/maddocks/0e5c8f59-b86e-4423-a28c-b3830408c50a5/ch569/Work/riscv-none-elf-gcc-12.2.0-1/linux-arm64/install/riscv-none-elf-gcc/riscv-none-elf/lib/libc_nano.a(lib_a-mlock.o)
                0x00000000000031da                __malloc_lock
 .text.__malloc_unlock
                0x00000000000031e0        0x6 /media/maddocks/0e5c8f59-b86e-4423-a28c-b3830408c50a5/ch569/Work/riscv-none-elf-gcc-12.2.0-1/linux-arm64/install/riscv-none-elf-gcc/riscv-none-elf/lib/libc_nano.a(lib_a-mlock.o)
                0x00000000000031e0                __malloc_unlock
 .text._malloc_usable_size_r
                0x00000000000031e6       0x14 /media/maddocks/0e5c8f59-b86e-4423-a28c-b3830408c50a5/ch569/Work/riscv-none-elf-gcc-12.2.0-1/linux-arm64/install/riscv-none-elf-gcc/riscv-none-elf/lib/libc_nano.a(lib_a-nano-msizer.o)
                0x00000000000031e6                _malloc_usable_size_r
 .text.__retarget_lock_acquire_recursive
                0x00000000000031fa        0x2 /media/maddocks/0e5c8f59-b86e-4423-a28c-b3830408c50a5/ch569/Work/riscv-none-elf-gcc-12.2.0-1/linux-arm64/install/riscv-none-elf-gcc/riscv-none-elf/lib/libc_nano.a(lib_a-lock.o)
                0x00000000000031fa                __retarget_lock_acquire_recursive
 .text.__retarget_lock_release_recursive
                0x00000000000031fc        0x2 /media/maddocks/0e5c8f59-b86e-4423-a28c-b3830408c50a5/ch569/Work/riscv-none-elf-gcc-12.2.0-1/linux-arm64/install/riscv-none-elf-gcc/riscv-none-elf/lib/libc_nano.a(lib_a-lock.o)
                0x00000000000031fc                __retarget_lock_release_recursive
 .text._sbrk    0x00000000000031fe       0x46 /media/maddocks/0e5c8f59-b86e-4423-a28c-b3830408c50a5/ch569/Work/riscv-none-elf-gcc-12.2.0-1/linux-arm64/install/riscv-none-elf-gcc/riscv-none-elf/lib/libgloss_nano.a(sys_sbrk.o)
                0x00000000000031fe                _sbrk
 .text.__errno  0x0000000000003244        0x6 /media/maddocks/0e5c8f59-b86e-4423-a28c-b3830408c50a5/ch569/Work/riscv-none-elf-gcc-12.2.0-1/linux-arm64/install/riscv-none-elf-gcc/riscv-none-elf/lib/libc_nano.a(lib_a-errno.o)
                0x0000000000003244                __errno
 *(.rodata)
 *(.rodata*)
 *fill*         0x000000000000324a        0x2 
 .rodata.GPIOA_ModeCfg
                0x000000000000324c       0x2c ./build/CH56x_gpio.o
 .rodata.GPIOB_ModeCfg
                0x0000000000003278       0x2c ./build/CH56x_gpio.o
 .rodata.USB30_NonStandardReq
                0x00000000000032a4       0x14 ./build/CH56x_usb30_devbulk.o
 .rodata.USB30_StandardReq
                0x00000000000032b8       0xc8 ./build/CH56x_usb30_devbulk.o
 .rodata.U20_NonStandard_Request
                0x0000000000003380       0x14 ./build/CH56x_usb20_devbulk.o
 .rodata.U20_Standard_Request
                0x0000000000003394       0x30 ./build/CH56x_usb20_devbulk.o
 .rodata.htoa   0x00000000000033c4       0x10 ./build/CH56x_usb_devbulk_desc_cmd.o
 .rodata.usb_cmd_rx.str1.4
                0x00000000000033d4       0xd7 ./build/usb_cmd.o
 *fill*         0x00000000000034ab        0x1 
 .rodata._svfprintf_r.str1.4
                0x00000000000034ac       0x13 /media/maddocks/0e5c8f59-b86e-4423-a28c-b3830408c50a5/ch569/Work/riscv-none-elf-gcc-12.2.0-1/linux-arm64/install/riscv-none-elf-gcc/riscv-none-elf/lib/libc_nano.a(lib_a-nano-svfprintf.o)
 *fill*         0x00000000000034bf        0x1 
 .rodata._printf_i.str1.4
                0x00000000000034c0       0x25 /media/maddocks/0e5c8f59-b86e-4423-a28c-b3830408c50a5/ch569/Work/riscv-none-elf-gcc-12.2.0-1/linux-arm64/install/riscv-none-elf-gcc/riscv-none-elf/lib/libc_nano.a(lib_a-nano-vfprintf_i.o)
 *fill*         0x00000000000034e5        0x3 
 .rodata._printf_i
                0x00000000000034e8       0x58 /media/maddocks/0e5c8f59-b86e-4423-a28c-b3830408c50a5/ch569/Work/riscv-none-elf-gcc-12.2.0-1/linux-arm64/install/riscv-none-elf-gcc/riscv-none-elf/lib/libc_nano.a(lib_a-nano-vfprintf_i.o)
 *(.glue_7)
 *(.glue_7t)
 *(.gnu.linkonce.t.*)
                0x0000000000003540                . = ALIGN (0x4)

.rela.dyn       0x0000000000003540        0x0
 .rela.init     0x0000000000003540        0x0 ./build/CH56x_gpio.o
 .rela.vector   0x0000000000003540        0x0 ./build/CH56x_gpio.o
 .rela.text.handle_reset
                0x0000000000003540        0x0 ./build/CH56x_gpio.o
 .rela.data.impure_data
                0x0000000000003540        0x0 ./build/CH56x_gpio.o
 .rela.text._svfprintf_r
                0x0000000000003540        0x0 ./build/CH56x_gpio.o

.fini           0x0000000000003540        0x0
 *(SORT_NONE(.fini))
                0x0000000000003540                . = ALIGN (0x4)
                [!provide]                        PROVIDE (_etext = .)
                [!provide]                        PROVIDE (_eitcm = .)

.preinit_array  0x0000000000003540        0x0
                [!provide]                        PROVIDE (__preinit_array_start = .)
 *(.preinit_array)
                [!provide]                        PROVIDE (__preinit_array_end = .)

.init_array     0x0000000000003540        0x0
                [!provide]                        PROVIDE (__init_array_start = .)
 *(SORT_BY_INIT_PRIORITY(.init_array.*) SORT_BY_INIT_PRIORITY(.ctors.*))
 *(.init_array EXCLUDE_FILE(*crtend?.o *crtend.o *crtbegin?.o *crtbegin.o) .ctors)
                [!provide]                        PROVIDE (__init_array_end = .)

.fini_array     0x0000000000003540        0x0
                [!provide]                        PROVIDE (__fini_array_start = .)
 *(SORT_BY_INIT_PRIORITY(.fini_array.*) SORT_BY_INIT_PRIORITY(.dtors.*))
 *(.fini_array EXCLUDE_FILE(*crtend?.o *crtend.o *crtbegin?.o *crtbegin.o) .dtors)
                [!provide]                        PROVIDE (__fini_array_end = .)

.ctors
 *crtbegin.o(.ctors)
 *crtbegin?.o(.ctors)
 *(EXCLUDE_FILE(*crtend?.o *crtend.o) .ctors)
 *(SORT_BY_NAME(.ctors.*))
 *(.ctors)

.dtors
 *crtbegin.o(.dtors)
 *crtbegin?.o(.dtors)
 *(EXCLUDE_FILE(*crtend?.o *crtend.o) .dtors)
 *(SORT_BY_NAME(.dtors.*))
 *(.dtors)

.dalign         0x0000000020000000        0x0 load address 0x0000000000003540
                0x0000000020000000                . = ALIGN (0x4)
                0x0000000020000000                PROVIDE (_data_vma = .)

.dlalign        0x0000000000003540        0x0
                0x0000000000003540                . = ALIGN (0x4)
                0x0000000000003540                PROVIDE (_data_lma = .)

.data           0x0000000020000000      0x2d0 load address 0x0000000000003540
 *(.gnu.linkonce.r.*)
 *(.data .data.*)
 .data.USB_PropertyHeader
                0x0000000020000000       0x8e ./build/CH56x_usb_devbulk_desc_cmd.o
                0x0000000020000000                USB_PropertyHeader
 *fill*         0x000000002000008e        0x2 
 .data.USB_CompatId
                0x0000000020000090       0x28 ./build/CH56x_usb_devbulk_desc_cmd.o
                0x0000000020000090                USB_CompatId
 .data.USB_MSOS20DescriptorSet
                0x00000000200000b8       0x48 ./build/CH56x_usb_devbulk_desc_cmd.o
                0x00000000200000b8                USB_MSOS20DescriptorSet
 .data.USB_BOSDescriptor
                0x0000000020000100       0x16 ./build/CH56x_usb_devbulk_desc_cmd.o
                0x0000000020000100                USB_BOSDescriptor
 *fill*         0x0000000020000116        0x2 
 .data.USB_OSStringDescriptor
                0x0000000020000118       0x12 ./build/CH56x_usb_devbulk_desc_cmd.o
                0x0000000020000118                USB_OSStringDescriptor
 *fill*         0x000000002000012a        0x2 
 .data.USB_StringSerial
                0x000000002000012c       0x3c ./build/CH56x_usb_devbulk_desc_cmd.o
                0x000000002000012c                USB_StringSerial
 .data.USB_SS_StringProduct
                0x0000000020000168       0x14 ./build/CH56x_usb_devbulk_desc_cmd.o
                0x0000000020000168                USB_SS_StringProduct
 .data.USB_HS_StringProduct
                0x000000002000017c       0x14 ./build/CH56x_usb_devbulk_desc_cmd.o
                0x000000002000017c                USB_HS_StringProduct
 .data.USB_StringVendor
                0x0000000020000190       0x12 ./build/CH56x_usb_devbulk_desc_cmd.o
                0x0000000020000190                USB_StringVendor
 *fill*         0x00000000200001a2        0x2 
 .data.USB_SS_ConfigDescriptor
                0x00000000200001a4       0x46 ./build/CH56x_usb_devbulk_desc_cmd.o
                0x00000000200001a4                USB_SS_ConfigDescriptor
 *fill*         0x00000000200001ea        0x2 
 .data.USB_HS_ConfigDescriptor
                0x00000000200001ec       0x4b ./build/CH56x_usb_devbulk_desc_cmd.o
                0x00000000200001ec                USB_HS_ConfigDescriptor
 *fill*         0x0000000020000237        0x1 
 .data.USB_SS_DeviceDescriptor
                0x0000000020000238       0x12 ./build/CH56x_usb_devbulk_desc_cmd.o
                0x0000000020000238                USB_SS_DeviceDescriptor
 *fill*         0x000000002000024a        0x2 
 .data.USB_HS_DeviceDescriptor
                0x000000002000024c       0x12 ./build/CH56x_usb_devbulk_desc_cmd.o
                0x000000002000024c                USB_HS_DeviceDescriptor
 *fill*         0x000000002000025e        0x2 
 .data.impure_data
                0x0000000020000260       0x60 /media/maddocks/0e5c8f59-b86e-4423-a28c-b3830408c50a5/ch569/Work/riscv-none-elf-gcc-12.2.0-1/linux-arm64/install/riscv-none-elf-gcc/riscv-none-elf/lib/libc_nano.a(lib_a-impure.o)
 *(.gnu.linkonce.d.*)
                0x00000000200002c0                . = ALIGN (0x8)
                0x0000000020000ac0                PROVIDE (__global_pointer$ = (. + 0x800))
 *(.sdata .sdata.*)
 .sdata.U20_EndpnMaxSize
                0x00000000200002c0        0x2 ./build/CH56x_usb20_devbulk.o
                0x00000000200002c0                U20_EndpnMaxSize
 *fill*         0x00000000200002c2        0x2 
 .sdata.USB_StringLangID
                0x00000000200002c4        0x4 ./build/CH56x_usb_devbulk_desc_cmd.o
                0x00000000200002c4                USB_StringLangID
 .sdata.vid_pid
                0x00000000200002c8        0x4 ./build/Main.o
                0x00000000200002c8                vid_pid
 .sdata._impure_ptr
                0x00000000200002cc        0x4 /media/maddocks/0e5c8f59-b86e-4423-a28c-b3830408c50a5/ch569/Work/riscv-none-elf-gcc-12.2.0-1/linux-arm64/install/riscv-none-elf-gcc/riscv-none-elf/lib/libc_nano.a(lib_a-impure.o)
                0x00000000200002cc                _impure_ptr
 *(.sdata2.*)
 *(.gnu.linkonce.s.*)
                0x00000000200002d0                . = ALIGN (0x8)
 *(.srodata.cst16)
 *(.srodata.cst8)
 *(.srodata.cst4)
 *(.srodata.cst2)
 *(.srodata .srodata.*)
                0x00000000200002d0                . = ALIGN (0x4)
                0x00000000200002d0                PROVIDE (_edata = .)

.bss            0x00000000200002d0     0x10d0 load address 0x0000000000003810
                0x00000000200002d0                . = ALIGN (0x4)
                0x00000000200002d0                PROVIDE (_sbss = .)
 *(.sbss*)
 .sbss.bsp_tick_frequency
                0x00000000200002d0        0x4 ./build/CH56x_bsp.o
                0x00000000200002d0                bsp_tick_frequency
 *fill*         0x00000000200002d4        0x4 
 .sbss.bsp_ms_nbcycles
                0x00000000200002d8        0x8 ./build/CH56x_bsp.o
                0x00000000200002d8                bsp_ms_nbcycles
 .sbss.bsp_us_nbcycles
                0x00000000200002e0        0x8 ./build/CH56x_bsp.o
                0x00000000200002e0                bsp_us_nbcycles
 .sbss.count.0  0x00000000200002e8        0x4 ./build/CH56x_usb30_devbulk.o
 .sbss.g_DeviceUsbType
                0x00000000200002ec        0x1 ./build/CH56x_usb30_devbulk.o
                0x00000000200002ec                g_DeviceUsbType
 .sbss.g_DeviceConnectstatus
                0x00000000200002ed        0x1 ./build/CH56x_usb30_devbulk.o
                0x00000000200002ed                g_DeviceConnectstatus
 *fill*         0x00000000200002ee        0x2 
 .sbss.pDescr   0x00000000200002f0        0x4 ./build/CH56x_usb30_devbulk.o
 .sbss.SetupReqCode
                0x00000000200002f4        0x1 ./build/CH56x_usb30_devbulk.o
 *fill*         0x00000000200002f5        0x3 
 .sbss.SetupLen
                0x00000000200002f8        0x4 ./build/CH56x_usb30_devbulk.o
 .sbss.link_sta
                0x00000000200002fc        0x1 ./build/CH56x_usb30_devbulk.o
                0x00000000200002fc                link_sta
 .sbss.tx_lmp_port
                0x00000000200002fd        0x1 ./build/CH56x_usb30_devbulk.o
                0x00000000200002fd                tx_lmp_port
 *fill*         0x00000000200002fe        0x2 
 .sbss.EP1_OUT_seq_num
                0x0000000020000300        0x4 ./build/CH56x_usb20_devbulk.o
                0x0000000020000300                EP1_OUT_seq_num
 .sbss.pUEP1_RX_data
                0x0000000020000304        0x4 ./build/CH56x_usb20_devbulk.o
 .sbss.pUEP1_TX_data
                0x0000000020000308        0x4 ./build/CH56x_usb20_devbulk.o
 .sbss.pDescr   0x000000002000030c        0x4 ./build/CH56x_usb20_devbulk.o
 .sbss.SetupReq
                0x0000000020000310        0x1 ./build/CH56x_usb20_devbulk.o
 .sbss.SetupReqType
                0x0000000020000311        0x1 ./build/CH56x_usb20_devbulk.o
 *fill*         0x0000000020000312        0x2 
 .sbss.g_devInfo
                0x0000000020000314        0x5 ./build/CH56x_usb20_devbulk.o
                0x0000000020000314                g_devInfo
 *fill*         0x0000000020000319        0x1 
 .sbss.SetupLen
                0x000000002000031a        0x2 ./build/CH56x_usb20_devbulk.o
                0x000000002000031a                SetupLen
 .sbss.SetupReqLen
                0x000000002000031c        0x2 ./build/CH56x_usb20_devbulk.o
                0x000000002000031c                SetupReqLen
 .sbss.trigB    0x000000002000031e        0x1 ./build/Main.o
                0x000000002000031e                trigB
 *fill*         0x000000002000031f        0x1 
 .sbss.unique_id
                0x0000000020000320        0x8 ./build/Main.o
                0x0000000020000320                unique_id
 .sbss.__malloc_sbrk_start
                0x0000000020000328        0x4 /media/maddocks/0e5c8f59-b86e-4423-a28c-b3830408c50a5/ch569/Work/riscv-none-elf-gcc-12.2.0-1/linux-arm64/install/riscv-none-elf-gcc/riscv-none-elf/lib/libc_nano.a(lib_a-nano-mallocr.o)
                0x0000000020000328                __malloc_sbrk_start
 .sbss.__malloc_free_list
                0x000000002000032c        0x4 /media/maddocks/0e5c8f59-b86e-4423-a28c-b3830408c50a5/ch569/Work/riscv-none-elf-gcc-12.2.0-1/linux-arm64/install/riscv-none-elf-gcc/riscv-none-elf/lib/libc_nano.a(lib_a-nano-mallocr.o)
                0x000000002000032c                __malloc_free_list
 .sbss.errno    0x0000000020000330        0x4 /media/maddocks/0e5c8f59-b86e-4423-a28c-b3830408c50a5/ch569/Work/riscv-none-elf-gcc-12.2.0-1/linux-arm64/install/riscv-none-elf-gcc/riscv-none-elf/lib/libc_nano.a(lib_a-reent.o)
                0x0000000020000330                errno
 .sbss.__lock___malloc_recursive_mutex
                0x0000000020000334        0x1 /media/maddocks/0e5c8f59-b86e-4423-a28c-b3830408c50a5/ch569/Work/riscv-none-elf-gcc-12.2.0-1/linux-arm64/install/riscv-none-elf-gcc/riscv-none-elf/lib/libc_nano.a(lib_a-lock.o)
                0x0000000020000334                __lock___malloc_recursive_mutex
 *fill*         0x0000000020000335        0x3 
 .sbss.heap_end.0
                0x0000000020000338        0x4 /media/maddocks/0e5c8f59-b86e-4423-a28c-b3830408c50a5/ch569/Work/riscv-none-elf-gcc-12.2.0-1/linux-arm64/install/riscv-none-elf-gcc/riscv-none-elf/lib/libgloss_nano.a(sys_sbrk.o)
 *(.gnu.linkonce.sb.*)
 *(.bss*)
 .bss.RxBuff    0x000000002000033c       0x64 ./build/Main.o
                0x000000002000033c                RxBuff
 .bss.cmd_usb_info_buf
                0x00000000200003a0     0x1000 ./build/usb_cmd.o
                0x00000000200003a0                cmd_usb_info_buf
 *(.gnu.linkonce.b.*)
 *(COMMON*)
                0x00000000200013a0                . = ALIGN (0x4)
                0x00000000200013a0                PROVIDE (_ebss = .)
                [!provide]                        PROVIDE (_end = _ebss)
                [!provide]                        PROVIDE (end = .)

.DMADATA        0x0000000020020000     0x3200 load address 0x0000000000003810
                0x0000000020020000                . = ALIGN (0x10)
                0x0000000020020000                PROVIDE (_dmadata_start = .)
 *(.dmadata*)
 *(.dmadata.*)
 *(.DMADATA*)
 .DMADATA       0x0000000020020000     0x3200 ./build/CH56x_usb30_devbulk.o
                0x0000000020020000                endp2RTbuff
                0x0000000020021000                endp1Rbuff
                0x0000000020022000                endp1Tbuff
                0x0000000020023000                endp0RTbuff
                0x0000000020023200                . = ALIGN (0x10)
                0x0000000020023200                PROVIDE (_dmadata_end = .)

.stack          0x000000001ffff800      0x800
                0x000000001ffff800                . = ALIGN (0x4)
                [!provide]                        PROVIDE (_susrstack = .)
                0x0000000020000000                . = (. + __stack_size)
 *fill*         0x000000001ffff800      0x800 
                0x0000000020000000                PROVIDE (_eusrstack = .)
OUTPUT(./build/ch569.elf elf32-littleriscv)

.comment        0x0000000000000000       0x34
 .comment       0x0000000000000000       0x34 ./build/CH56x_gpio.o
                                         0x35 (size before relaxing)
 .comment       0x0000000000000034       0x35 ./build/CH56x_sys.o
 .comment       0x0000000000000034       0x35 ./build/CH56x_flash.o
 .comment       0x0000000000000034       0x35 ./build/CH56x_timer.o
 .comment       0x0000000000000034       0x35 ./build/CH56x_bsp.o
 .comment       0x0000000000000034       0x35 ./build/CH56x_clk.o
 .comment       0x0000000000000034       0x35 ./build/CH56x_uart.o
 .comment       0x0000000000000034       0x35 ./build/hydrausb3_v1.o
 .comment       0x0000000000000034       0x35 ./build/CH56x_usb30_devbulk.o
 .comment       0x0000000000000034       0x35 ./build/CH56x_usb20_devbulk.o
 .comment       0x0000000000000034       0x35 ./build/CH56x_usb_devbulk_desc_cmd.o
 .comment       0x0000000000000034       0x35 ./build/Main.o
 .comment       0x0000000000000034       0x35 ./build/usb_cmd.o
 .comment       0x0000000000000034       0x35 /media/maddocks/0e5c8f59-b86e-4423-a28c-b3830408c50a5/ch569/Work/riscv-none-elf-gcc-12.2.0-1/linux-arm64/install/riscv-none-elf-gcc/riscv-none-elf/lib/libc_nano.a(lib_a-snprintf.o)
 .comment       0x0000000000000034       0x35 /media/maddocks/0e5c8f59-b86e-4423-a28c-b3830408c50a5/ch569/Work/riscv-none-elf-gcc-12.2.0-1/linux-arm64/install/riscv-none-elf-gcc/riscv-none-elf/lib/libc_nano.a(lib_a-impure.o)
 .comment       0x0000000000000034       0x35 /media/maddocks/0e5c8f59-b86e-4423-a28c-b3830408c50a5/ch569/Work/riscv-none-elf-gcc-12.2.0-1/linux-arm64/install/riscv-none-elf-gcc/riscv-none-elf/lib/libc_nano.a(lib_a-nano-svfprintf.o)
 .comment       0x0000000000000034       0x35 /media/maddocks/0e5c8f59-b86e-4423-a28c-b3830408c50a5/ch569/Work/riscv-none-elf-gcc-12.2.0-1/linux-arm64/install/riscv-none-elf-gcc/riscv-none-elf/lib/libc_nano.a(lib_a-nano-vfprintf_i.o)
 .comment       0x0000000000000034       0x35 /media/maddocks/0e5c8f59-b86e-4423-a28c-b3830408c50a5/ch569/Work/riscv-none-elf-gcc-12.2.0-1/linux-arm64/install/riscv-none-elf-gcc/riscv-none-elf/lib/libc_nano.a(lib_a-memchr.o)
 .comment       0x0000000000000034       0x35 /media/maddocks/0e5c8f59-b86e-4423-a28c-b3830408c50a5/ch569/Work/riscv-none-elf-gcc-12.2.0-1/linux-arm64/install/riscv-none-elf-gcc/riscv-none-elf/lib/libc_nano.a(lib_a-nano-freer.o)
 .comment       0x0000000000000034       0x35 /media/maddocks/0e5c8f59-b86e-4423-a28c-b3830408c50a5/ch569/Work/riscv-none-elf-gcc-12.2.0-1/linux-arm64/install/riscv-none-elf-gcc/riscv-none-elf/lib/libc_nano.a(lib_a-nano-mallocr.o)
 .comment       0x0000000000000034       0x35 /media/maddocks/0e5c8f59-b86e-4423-a28c-b3830408c50a5/ch569/Work/riscv-none-elf-gcc-12.2.0-1/linux-arm64/install/riscv-none-elf-gcc/riscv-none-elf/lib/libc_nano.a(lib_a-nano-reallocr.o)
 .comment       0x0000000000000034       0x35 /media/maddocks/0e5c8f59-b86e-4423-a28c-b3830408c50a5/ch569/Work/riscv-none-elf-gcc-12.2.0-1/linux-arm64/install/riscv-none-elf-gcc/riscv-none-elf/lib/libc_nano.a(lib_a-sbrkr.o)
 .comment       0x0000000000000034       0x35 /media/maddocks/0e5c8f59-b86e-4423-a28c-b3830408c50a5/ch569/Work/riscv-none-elf-gcc-12.2.0-1/linux-arm64/install/riscv-none-elf-gcc/riscv-none-elf/lib/libc_nano.a(lib_a-mlock.o)
 .comment       0x0000000000000034       0x35 /media/maddocks/0e5c8f59-b86e-4423-a28c-b3830408c50a5/ch569/Work/riscv-none-elf-gcc-12.2.0-1/linux-arm64/install/riscv-none-elf-gcc/riscv-none-elf/lib/libc_nano.a(lib_a-nano-msizer.o)
 .comment       0x0000000000000034       0x35 /media/maddocks/0e5c8f59-b86e-4423-a28c-b3830408c50a5/ch569/Work/riscv-none-elf-gcc-12.2.0-1/linux-arm64/install/riscv-none-elf-gcc/riscv-none-elf/lib/libc_nano.a(lib_a-reent.o)
 .comment       0x0000000000000034       0x35 /media/maddocks/0e5c8f59-b86e-4423-a28c-b3830408c50a5/ch569/Work/riscv-none-elf-gcc-12.2.0-1/linux-arm64/install/riscv-none-elf-gcc/riscv-none-elf/lib/libc_nano.a(lib_a-lock.o)
 .comment       0x0000000000000034       0x35 /media/maddocks/0e5c8f59-b86e-4423-a28c-b3830408c50a5/ch569/Work/riscv-none-elf-gcc-12.2.0-1/linux-arm64/install/riscv-none-elf-gcc/riscv-none-elf/lib/libgloss_nano.a(sys_sbrk.o)
 .comment       0x0000000000000034       0x35 /media/maddocks/0e5c8f59-b86e-4423-a28c-b3830408c50a5/ch569/Work/riscv-none-elf-gcc-12.2.0-1/linux-arm64/install/riscv-none-elf-gcc/riscv-none-elf/lib/libc_nano.a(lib_a-errno.o)

.riscv.attributes
                0x0000000000000000       0x38
 .riscv.attributes
                0x0000000000000000       0x34 ./build/CH56x_gpio.o
 .riscv.attributes
                0x0000000000000034       0x34 ./build/CH56x_sys.o
 .riscv.attributes
                0x0000000000000068       0x34 ./build/CH56x_flash.o
 .riscv.attributes
                0x000000000000009c       0x34 ./build/CH56x_timer.o
 .riscv.attributes
                0x00000000000000d0       0x34 ./build/CH56x_bsp.o
 .riscv.attributes
                0x0000000000000104       0x34 ./build/CH56x_clk.o
 .riscv.attributes
                0x0000000000000138       0x34 ./build/CH56x_uart.o
 .riscv.attributes
                0x000000000000016c       0x34 ./build/hydrausb3_v1.o
 .riscv.attributes
                0x00000000000001a0       0x38 ./build/CH56x_usb30_devbulk.o
 .riscv.attributes
                0x00000000000001d8       0x38 ./build/CH56x_usb20_devbulk.o
 .riscv.attributes
                0x0000000000000210       0x34 ./build/CH56x_usb_devbulk_desc_cmd.o
 .riscv.attributes
                0x0000000000000244       0x38 ./build/Main.o
 .riscv.attributes
                0x000000000000027c       0x34 ./build/usb_cmd.o
 .riscv.attributes
                0x00000000000002b0       0x36 ./build/startup_CH56x.o
 .riscv.attributes
                0x00000000000002e6       0x29 /media/maddocks/0e5c8f59-b86e-4423-a28c-b3830408c50a5/ch569/Work/riscv-none-elf-gcc-12.2.0-1/linux-arm64/install/riscv-none-elf-gcc/riscv-none-elf/lib/libc_nano.a(lib_a-memcpy-asm.o)
 .riscv.attributes
                0x000000000000030f       0x29 /media/maddocks/0e5c8f59-b86e-4423-a28c-b3830408c50a5/ch569/Work/riscv-none-elf-gcc-12.2.0-1/linux-arm64/install/riscv-none-elf-gcc/riscv-none-elf/lib/libc_nano.a(lib_a-memset.o)
 .riscv.attributes
                0x0000000000000338       0x2b /media/maddocks/0e5c8f59-b86e-4423-a28c-b3830408c50a5/ch569/Work/riscv-none-elf-gcc-12.2.0-1/linux-arm64/install/riscv-none-elf-gcc/riscv-none-elf/lib/libc_nano.a(lib_a-snprintf.o)
 .riscv.attributes
                0x0000000000000363       0x2b /media/maddocks/0e5c8f59-b86e-4423-a28c-b3830408c50a5/ch569/Work/riscv-none-elf-gcc-12.2.0-1/linux-arm64/install/riscv-none-elf-gcc/riscv-none-elf/lib/libc_nano.a(lib_a-impure.o)
 .riscv.attributes
                0x000000000000038e       0x2b /media/maddocks/0e5c8f59-b86e-4423-a28c-b3830408c50a5/ch569/Work/riscv-none-elf-gcc-12.2.0-1/linux-arm64/install/riscv-none-elf-gcc/riscv-none-elf/lib/libc_nano.a(lib_a-nano-svfprintf.o)
 .riscv.attributes
                0x00000000000003b9       0x2b /media/maddocks/0e5c8f59-b86e-4423-a28c-b3830408c50a5/ch569/Work/riscv-none-elf-gcc-12.2.0-1/linux-arm64/install/riscv-none-elf-gcc/riscv-none-elf/lib/libc_nano.a(lib_a-nano-vfprintf_i.o)
 .riscv.attributes
                0x00000000000003e4       0x2b /media/maddocks/0e5c8f59-b86e-4423-a28c-b3830408c50a5/ch569/Work/riscv-none-elf-gcc-12.2.0-1/linux-arm64/install/riscv-none-elf-gcc/riscv-none-elf/lib/libc_nano.a(lib_a-memchr.o)
 .riscv.attributes
                0x000000000000040f       0x29 /media/maddocks/0e5c8f59-b86e-4423-a28c-b3830408c50a5/ch569/Work/riscv-none-elf-gcc-12.2.0-1/linux-arm64/install/riscv-none-elf-gcc/riscv-none-elf/lib/libc_nano.a(lib_a-memmove.o)
 .riscv.attributes
                0x0000000000000438       0x2b /media/maddocks/0e5c8f59-b86e-4423-a28c-b3830408c50a5/ch569/Work/riscv-none-elf-gcc-12.2.0-1/linux-arm64/install/riscv-none-elf-gcc/riscv-none-elf/lib/libc_nano.a(lib_a-nano-freer.o)
 .riscv.attributes
                0x0000000000000463       0x2b /media/maddocks/0e5c8f59-b86e-4423-a28c-b3830408c50a5/ch569/Work/riscv-none-elf-gcc-12.2.0-1/linux-arm64/install/riscv-none-elf-gcc/riscv-none-elf/lib/libc_nano.a(lib_a-nano-mallocr.o)
 .riscv.attributes
                0x000000000000048e       0x2b /media/maddocks/0e5c8f59-b86e-4423-a28c-b3830408c50a5/ch569/Work/riscv-none-elf-gcc-12.2.0-1/linux-arm64/install/riscv-none-elf-gcc/riscv-none-elf/lib/libc_nano.a(lib_a-nano-reallocr.o)
 .riscv.attributes
                0x00000000000004b9       0x2b /media/maddocks/0e5c8f59-b86e-4423-a28c-b3830408c50a5/ch569/Work/riscv-none-elf-gcc-12.2.0-1/linux-arm64/install/riscv-none-elf-gcc/riscv-none-elf/lib/libc_nano.a(lib_a-sbrkr.o)
 .riscv.attributes
                0x00000000000004e4       0x2b /media/maddocks/0e5c8f59-b86e-4423-a28c-b3830408c50a5/ch569/Work/riscv-none-elf-gcc-12.2.0-1/linux-arm64/install/riscv-none-elf-gcc/riscv-none-elf/lib/libc_nano.a(lib_a-mlock.o)
 .riscv.attributes
                0x000000000000050f       0x2b /media/maddocks/0e5c8f59-b86e-4423-a28c-b3830408c50a5/ch569/Work/riscv-none-elf-gcc-12.2.0-1/linux-arm64/install/riscv-none-elf-gcc/riscv-none-elf/lib/libc_nano.a(lib_a-nano-msizer.o)
 .riscv.attributes
                0x000000000000053a       0x2b /media/maddocks/0e5c8f59-b86e-4423-a28c-b3830408c50a5/ch569/Work/riscv-none-elf-gcc-12.2.0-1/linux-arm64/install/riscv-none-elf-gcc/riscv-none-elf/lib/libc_nano.a(lib_a-reent.o)
 .riscv.attributes
                0x0000000000000565       0x2b /media/maddocks/0e5c8f59-b86e-4423-a28c-b3830408c50a5/ch569/Work/riscv-none-elf-gcc-12.2.0-1/linux-arm64/install/riscv-none-elf-gcc/riscv-none-elf/lib/libc_nano.a(lib_a-lock.o)
 .riscv.attributes
                0x0000000000000590       0x2b /media/maddocks/0e5c8f59-b86e-4423-a28c-b3830408c50a5/ch569/Work/riscv-none-elf-gcc-12.2.0-1/linux-arm64/install/riscv-none-elf-gcc/riscv-none-elf/lib/libgloss_nano.a(sys_sbrk.o)
 .riscv.attributes
                0x00000000000005bb       0x2b /media/maddocks/0e5c8f59-b86e-4423-a28c-b3830408c50a5/ch569/Work/riscv-none-elf-gcc-12.2.0-1/linux-arm64/install/riscv-none-elf-gcc/riscv-none-elf/lib/libc_nano.a(lib_a-errno.o)
